2025-09-20T17:31:53.1268451Z Current runner version: '2.328.0'
2025-09-20T17:31:53.1292239Z ##[group]Runner Image Provisioner
2025-09-20T17:31:53.1293068Z Hosted Compute Agent
2025-09-20T17:31:53.1293655Z Version: 20250829.383
2025-09-20T17:31:53.1294284Z Commit: 27cb235aab5b0e52e153a26cd86b4742e89dac5d
2025-09-20T17:31:53.1294930Z Build Date: 2025-08-29T13:48:48Z
2025-09-20T17:31:53.1295559Z ##[endgroup]
2025-09-20T17:31:53.1296197Z ##[group]Operating System
2025-09-20T17:31:53.1296792Z Ubuntu
2025-09-20T17:31:53.1298238Z 24.04.3
2025-09-20T17:31:53.1298764Z LTS
2025-09-20T17:31:53.1299223Z ##[endgroup]
2025-09-20T17:31:53.1299674Z ##[group]Runner Image
2025-09-20T17:31:53.1300319Z Image: ubuntu-24.04
2025-09-20T17:31:53.1300801Z Version: 20250907.24.1
2025-09-20T17:31:53.1301873Z Included Software: https://github.com/actions/runner-images/blob/ubuntu24/20250907.24/images/ubuntu/Ubuntu2404-Readme.md
2025-09-20T17:31:53.1303492Z Image Release: https://github.com/actions/runner-images/releases/tag/ubuntu24%2F20250907.24
2025-09-20T17:31:53.1304493Z ##[endgroup]
2025-09-20T17:31:53.1305580Z ##[group]GITHUB_TOKEN Permissions
2025-09-20T17:31:53.1308088Z Contents: read
2025-09-20T17:31:53.1308805Z Metadata: read
2025-09-20T17:31:53.1309283Z Packages: read
2025-09-20T17:31:53.1309770Z ##[endgroup]
2025-09-20T17:31:53.1311934Z Secret source: Actions
2025-09-20T17:31:53.1312893Z Prepare workflow directory
2025-09-20T17:31:53.1751792Z Prepare all required actions
2025-09-20T17:31:53.1789969Z Getting action download info
2025-09-20T17:31:53.5386597Z Download action repository 'actions/checkout@v3' (SHA:f43a0e5ff2bd294095638e18286ca9a3d1956744)
2025-09-20T17:31:53.9698527Z Download action repository 'actions/setup-node@v3' (SHA:3235b876344d2a9aa001b8d1453c930bba69e610)
2025-09-20T17:31:54.2385840Z Download action repository 'browser-actions/setup-chrome@v1' (SHA:c785b87e244131f27c9f19c1a33e2ead956ab7ce)
2025-09-20T17:31:54.6453928Z Complete job name: build-and-test (18.x)
2025-09-20T17:31:54.7018621Z ##[group]Checking docker version
2025-09-20T17:31:54.7032438Z ##[command]/usr/bin/docker version --format '{{.Server.APIVersion}}'
2025-09-20T17:31:56.0735081Z '1.48'
2025-09-20T17:31:56.0748199Z Docker daemon API version: '1.48'
2025-09-20T17:31:56.0748677Z ##[command]/usr/bin/docker version --format '{{.Client.APIVersion}}'
2025-09-20T17:31:56.0999903Z '1.48'
2025-09-20T17:31:56.1013754Z Docker client API version: '1.48'
2025-09-20T17:31:56.1019693Z ##[endgroup]
2025-09-20T17:31:56.1022677Z ##[group]Clean up resources from previous jobs
2025-09-20T17:31:56.1028201Z ##[command]/usr/bin/docker ps --all --quiet --no-trunc --filter "label=e6d322"
2025-09-20T17:31:56.1171077Z ##[command]/usr/bin/docker network prune --force --filter "label=e6d322"
2025-09-20T17:31:56.1296065Z ##[endgroup]
2025-09-20T17:31:56.1296391Z ##[group]Create local container network
2025-09-20T17:31:56.1306072Z ##[command]/usr/bin/docker network create --label e6d322 github_network_99c4c9c2c87d48fea85b5008f159a2b0
2025-09-20T17:31:56.1843195Z 2968cb858b2b0ed7c4eeaa1b86d48dcad9d5e7e5e4b27192016dfa548e8cf6f1
2025-09-20T17:31:56.1864536Z ##[endgroup]
2025-09-20T17:31:56.1887718Z ##[group]Starting mongodb service container
2025-09-20T17:31:56.1906476Z ##[command]/usr/bin/docker pull mongo:4.4
2025-09-20T17:31:56.4875784Z 4.4: Pulling from library/mongo
2025-09-20T17:31:56.5522399Z d4c3c94e5e10: Pulling fs layer
2025-09-20T17:31:56.5522922Z bca5893fe8bd: Pulling fs layer
2025-09-20T17:31:56.5523297Z 35ec036951f8: Pulling fs layer
2025-09-20T17:31:56.5523691Z ddb77a597b02: Pulling fs layer
2025-09-20T17:31:56.5524077Z 7ab9eb5a4d9d: Pulling fs layer
2025-09-20T17:31:56.5524456Z a6c1ba219414: Pulling fs layer
2025-09-20T17:31:56.5524859Z 83b651df5384: Pulling fs layer
2025-09-20T17:31:56.5525273Z e233f2d1b360: Pulling fs layer
2025-09-20T17:31:56.5525631Z 7ab9eb5a4d9d: Waiting
2025-09-20T17:31:56.5525977Z a6c1ba219414: Waiting
2025-09-20T17:31:56.5526315Z 83b651df5384: Waiting
2025-09-20T17:31:56.5526806Z ddb77a597b02: Waiting
2025-09-20T17:31:56.5527022Z e233f2d1b360: Waiting
2025-09-20T17:31:56.6490103Z bca5893fe8bd: Verifying Checksum
2025-09-20T17:31:56.6491099Z bca5893fe8bd: Download complete
2025-09-20T17:31:56.6884013Z 35ec036951f8: Verifying Checksum
2025-09-20T17:31:56.6884579Z 35ec036951f8: Download complete
2025-09-20T17:31:56.7549582Z ddb77a597b02: Verifying Checksum
2025-09-20T17:31:56.7550098Z ddb77a597b02: Download complete
2025-09-20T17:31:56.7755977Z 7ab9eb5a4d9d: Download complete
2025-09-20T17:31:56.8330252Z a6c1ba219414: Download complete
2025-09-20T17:31:56.9085751Z e233f2d1b360: Verifying Checksum
2025-09-20T17:31:56.9086280Z e233f2d1b360: Download complete
2025-09-20T17:31:56.9347886Z d4c3c94e5e10: Verifying Checksum
2025-09-20T17:31:56.9348341Z d4c3c94e5e10: Download complete
2025-09-20T17:31:57.9046275Z d4c3c94e5e10: Pull complete
2025-09-20T17:31:58.1114986Z 83b651df5384: Verifying Checksum
2025-09-20T17:31:58.1115597Z 83b651df5384: Download complete
2025-09-20T17:31:58.2403618Z bca5893fe8bd: Pull complete
2025-09-20T17:31:58.4056497Z 35ec036951f8: Pull complete
2025-09-20T17:31:58.4600534Z ddb77a597b02: Pull complete
2025-09-20T17:31:58.4723002Z 7ab9eb5a4d9d: Pull complete
2025-09-20T17:31:58.4890355Z a6c1ba219414: Pull complete
2025-09-20T17:32:00.9425705Z 83b651df5384: Pull complete
2025-09-20T17:32:00.9637077Z e233f2d1b360: Pull complete
2025-09-20T17:32:00.9704729Z Digest: sha256:52c42cbab240b3c5b1748582cc13ef46d521ddacae002bbbda645cebed270ec0
2025-09-20T17:32:00.9722177Z Status: Downloaded newer image for mongo:4.4
2025-09-20T17:32:00.9779694Z docker.io/library/mongo:4.4
2025-09-20T17:32:00.9815981Z ##[command]/usr/bin/docker create --name b7f5a061f9e846f0b16810c8a7da5f31_mongo44_d60f9c --label e6d322 --network github_network_99c4c9c2c87d48fea85b5008f159a2b0 --network-alias mongodb -p 27017:27017 --health-cmd "mongo --eval 'db.runCommand({ ping: 1 })'" --health-interval 10s --health-timeout 5s --health-retries 5 -e GITHUB_ACTIONS=true -e CI=true mongo:4.4
2025-09-20T17:32:01.0302035Z 47540d4fb30343fd6e6ce52789c84d28a2ee5dbc2826650ffc4709151c2ea050
2025-09-20T17:32:01.0325483Z ##[command]/usr/bin/docker start 47540d4fb30343fd6e6ce52789c84d28a2ee5dbc2826650ffc4709151c2ea050
2025-09-20T17:32:02.4779120Z 47540d4fb30343fd6e6ce52789c84d28a2ee5dbc2826650ffc4709151c2ea050
2025-09-20T17:32:02.4800466Z ##[command]/usr/bin/docker ps --all --filter id=47540d4fb30343fd6e6ce52789c84d28a2ee5dbc2826650ffc4709151c2ea050 --filter status=running --no-trunc --format "{{.ID}} {{.Status}}"
2025-09-20T17:32:02.4926914Z 47540d4fb30343fd6e6ce52789c84d28a2ee5dbc2826650ffc4709151c2ea050 Up 1 second (health: starting)
2025-09-20T17:32:02.4948720Z ##[command]/usr/bin/docker port 47540d4fb30343fd6e6ce52789c84d28a2ee5dbc2826650ffc4709151c2ea050
2025-09-20T17:32:02.5077800Z 27017/tcp -> 0.0.0.0:27017
2025-09-20T17:32:02.5078415Z 27017/tcp -> [::]:27017
2025-09-20T17:32:02.5125346Z ##[endgroup]
2025-09-20T17:32:02.5135763Z ##[group]Waiting for all services to be ready
2025-09-20T17:32:02.5152037Z ##[command]/usr/bin/docker inspect --format="{{if .Config.Healthcheck}}{{print .State.Health.Status}}{{end}}" 47540d4fb30343fd6e6ce52789c84d28a2ee5dbc2826650ffc4709151c2ea050
2025-09-20T17:32:02.5276614Z starting
2025-09-20T17:32:02.5300223Z mongodb service is starting, waiting 2 seconds before checking again.
2025-09-20T17:32:04.5299060Z ##[command]/usr/bin/docker inspect --format="{{if .Config.Healthcheck}}{{print .State.Health.Status}}{{end}}" 47540d4fb30343fd6e6ce52789c84d28a2ee5dbc2826650ffc4709151c2ea050
2025-09-20T17:32:04.5412898Z starting
2025-09-20T17:32:04.5426993Z mongodb service is starting, waiting 4 seconds before checking again.
2025-09-20T17:32:08.8020449Z ##[command]/usr/bin/docker inspect --format="{{if .Config.Healthcheck}}{{print .State.Health.Status}}{{end}}" 47540d4fb30343fd6e6ce52789c84d28a2ee5dbc2826650ffc4709151c2ea050
2025-09-20T17:32:08.8182168Z starting
2025-09-20T17:32:08.8196202Z mongodb service is starting, waiting 9 seconds before checking again.
2025-09-20T17:32:17.8986496Z ##[command]/usr/bin/docker inspect --format="{{if .Config.Healthcheck}}{{print .State.Health.Status}}{{end}}" 47540d4fb30343fd6e6ce52789c84d28a2ee5dbc2826650ffc4709151c2ea050
2025-09-20T17:32:17.9109734Z healthy
2025-09-20T17:32:17.9126921Z mongodb service is healthy.
2025-09-20T17:32:17.9127914Z ##[endgroup]
2025-09-20T17:32:17.9354948Z ##[group]Run actions/checkout@v3
2025-09-20T17:32:17.9355481Z with:
2025-09-20T17:32:17.9355711Z   repository: Yrcd27/QA-and-Testing-for-Mirror
2025-09-20T17:32:17.9356157Z   token: ***
2025-09-20T17:32:17.9356337Z   ssh-strict: true
2025-09-20T17:32:17.9356527Z   persist-credentials: true
2025-09-20T17:32:17.9356737Z   clean: true
2025-09-20T17:32:17.9356921Z   sparse-checkout-cone-mode: true
2025-09-20T17:32:17.9357138Z   fetch-depth: 1
2025-09-20T17:32:17.9357483Z   fetch-tags: false
2025-09-20T17:32:17.9357656Z   lfs: false
2025-09-20T17:32:17.9357823Z   submodules: false
2025-09-20T17:32:17.9358048Z   set-safe-directory: true
2025-09-20T17:32:17.9358481Z ##[endgroup]
2025-09-20T17:32:18.0224617Z Syncing repository: Yrcd27/QA-and-Testing-for-Mirror
2025-09-20T17:32:18.0225951Z ##[group]Getting Git version info
2025-09-20T17:32:18.0226465Z Working directory is '/home/runner/work/QA-and-Testing-for-Mirror/QA-and-Testing-for-Mirror'
2025-09-20T17:32:18.0227133Z [command]/usr/bin/git version
2025-09-20T17:32:18.1385745Z git version 2.51.0
2025-09-20T17:32:18.1414751Z ##[endgroup]
2025-09-20T17:32:18.1429614Z Temporarily overriding HOME='/home/runner/work/_temp/c8ce66f6-13ac-4530-9643-5c71b8d5bdda' before making global git config changes
2025-09-20T17:32:18.1430372Z Adding repository directory to the temporary git global config as a safe directory
2025-09-20T17:32:18.1433458Z [command]/usr/bin/git config --global --add safe.directory /home/runner/work/QA-and-Testing-for-Mirror/QA-and-Testing-for-Mirror
2025-09-20T17:32:18.1531332Z Deleting the contents of '/home/runner/work/QA-and-Testing-for-Mirror/QA-and-Testing-for-Mirror'
2025-09-20T17:32:18.1535398Z ##[group]Initializing the repository
2025-09-20T17:32:18.1539552Z [command]/usr/bin/git init /home/runner/work/QA-and-Testing-for-Mirror/QA-and-Testing-for-Mirror
2025-09-20T17:32:18.2068090Z hint: Using 'master' as the name for the initial branch. This default branch name
2025-09-20T17:32:18.2069251Z hint: is subject to change. To configure the initial branch name to use in all
2025-09-20T17:32:18.2069894Z hint: of your new repositories, which will suppress this warning, call:
2025-09-20T17:32:18.2070331Z hint:
2025-09-20T17:32:18.2070669Z hint: 	git config --global init.defaultBranch <name>
2025-09-20T17:32:18.2071032Z hint:
2025-09-20T17:32:18.2071372Z hint: Names commonly chosen instead of 'master' are 'main', 'trunk' and
2025-09-20T17:32:18.2071967Z hint: 'development'. The just-created branch can be renamed via this command:
2025-09-20T17:32:18.2072399Z hint:
2025-09-20T17:32:18.2072638Z hint: 	git branch -m <name>
2025-09-20T17:32:18.2072890Z hint:
2025-09-20T17:32:18.2073262Z hint: Disable this message with "git config set advice.defaultBranchName false"
2025-09-20T17:32:18.2111012Z Initialized empty Git repository in /home/runner/work/QA-and-Testing-for-Mirror/QA-and-Testing-for-Mirror/.git/
2025-09-20T17:32:18.2122682Z [command]/usr/bin/git remote add origin https://github.com/Yrcd27/QA-and-Testing-for-Mirror
2025-09-20T17:32:18.2274349Z ##[endgroup]
2025-09-20T17:32:18.2275026Z ##[group]Disabling automatic garbage collection
2025-09-20T17:32:18.2358925Z [command]/usr/bin/git config --local gc.auto 0
2025-09-20T17:32:18.2363385Z ##[endgroup]
2025-09-20T17:32:18.2363934Z ##[group]Setting up auth
2025-09-20T17:32:18.2364603Z [command]/usr/bin/git config --local --name-only --get-regexp core\.sshCommand
2025-09-20T17:32:18.2366747Z [command]/usr/bin/git submodule foreach --recursive sh -c "git config --local --name-only --get-regexp 'core\.sshCommand' && git config --local --unset-all 'core.sshCommand' || :"
2025-09-20T17:32:18.4192718Z [command]/usr/bin/git config --local --name-only --get-regexp http\.https\:\/\/github\.com\/\.extraheader
2025-09-20T17:32:18.4223661Z [command]/usr/bin/git submodule foreach --recursive sh -c "git config --local --name-only --get-regexp 'http\.https\:\/\/github\.com\/\.extraheader' && git config --local --unset-all 'http.https://github.com/.extraheader' || :"
2025-09-20T17:32:18.4469793Z [command]/usr/bin/git config --local http.https://github.com/.extraheader AUTHORIZATION: basic ***
2025-09-20T17:32:18.4505635Z ##[endgroup]
2025-09-20T17:32:18.4506310Z ##[group]Fetching the repository
2025-09-20T17:32:18.4514136Z [command]/usr/bin/git -c protocol.version=2 fetch --no-tags --prune --progress --no-recurse-submodules --depth=1 origin +cb054c2160003a6efdd26d632fbde75939f9b18c:refs/remotes/origin/main
2025-09-20T17:32:18.7308107Z remote: Enumerating objects: 3747, done.        
2025-09-20T17:32:18.7308616Z remote: Counting objects:   0% (1/3747)        
2025-09-20T17:32:18.7309008Z remote: Counting objects:   1% (38/3747)        
2025-09-20T17:32:18.7309377Z remote: Counting objects:   2% (75/3747)        
2025-09-20T17:32:18.7309757Z remote: Counting objects:   3% (113/3747)        
2025-09-20T17:32:18.7310121Z remote: Counting objects:   4% (150/3747)        
2025-09-20T17:32:18.7314157Z remote: Counting objects:   5% (188/3747)        
2025-09-20T17:32:18.7314849Z remote: Counting objects:   6% (225/3747)        
2025-09-20T17:32:18.7315390Z remote: Counting objects:   7% (263/3747)        
2025-09-20T17:32:18.7315874Z remote: Counting objects:   8% (300/3747)        
2025-09-20T17:32:18.7316371Z remote: Counting objects:   9% (338/3747)        
2025-09-20T17:32:18.7316906Z remote: Counting objects:  10% (375/3747)        
2025-09-20T17:32:18.7317694Z remote: Counting objects:  11% (413/3747)        
2025-09-20T17:32:18.7318129Z remote: Counting objects:  12% (450/3747)        
2025-09-20T17:32:18.7318429Z remote: Counting objects:  13% (488/3747)        
2025-09-20T17:32:18.7318732Z remote: Counting objects:  14% (525/3747)        
2025-09-20T17:32:18.7319044Z remote: Counting objects:  15% (563/3747)        
2025-09-20T17:32:18.7319321Z remote: Counting objects:  16% (600/3747)        
2025-09-20T17:32:18.7319603Z remote: Counting objects:  17% (637/3747)        
2025-09-20T17:32:18.7320090Z remote: Counting objects:  18% (675/3747)        
2025-09-20T17:32:18.7320466Z remote: Counting objects:  19% (712/3747)        
2025-09-20T17:32:18.7320962Z remote: Counting objects:  20% (750/3747)        
2025-09-20T17:32:18.7321388Z remote: Counting objects:  21% (787/3747)        
2025-09-20T17:32:18.7321861Z remote: Counting objects:  22% (825/3747)        
2025-09-20T17:32:18.7322315Z remote: Counting objects:  23% (862/3747)        
2025-09-20T17:32:18.7322833Z remote: Counting objects:  24% (900/3747)        
2025-09-20T17:32:18.7323131Z remote: Counting objects:  25% (937/3747)        
2025-09-20T17:32:18.7323416Z remote: Counting objects:  26% (975/3747)        
2025-09-20T17:32:18.7323707Z remote: Counting objects:  27% (1012/3747)        
2025-09-20T17:32:18.7324036Z remote: Counting objects:  28% (1050/3747)        
2025-09-20T17:32:18.7324333Z remote: Counting objects:  29% (1087/3747)        
2025-09-20T17:32:18.7324618Z remote: Counting objects:  30% (1125/3747)        
2025-09-20T17:32:18.7324921Z remote: Counting objects:  31% (1162/3747)        
2025-09-20T17:32:18.7325280Z remote: Counting objects:  32% (1200/3747)        
2025-09-20T17:32:18.7325591Z remote: Counting objects:  33% (1237/3747)        
2025-09-20T17:32:18.7325877Z remote: Counting objects:  34% (1274/3747)        
2025-09-20T17:32:18.7326145Z remote: Counting objects:  35% (1312/3747)        
2025-09-20T17:32:18.7326411Z remote: Counting objects:  36% (1349/3747)        
2025-09-20T17:32:18.7326680Z remote: Counting objects:  37% (1387/3747)        
2025-09-20T17:32:18.7326953Z remote: Counting objects:  38% (1424/3747)        
2025-09-20T17:32:18.7327593Z remote: Counting objects:  39% (1462/3747)        
2025-09-20T17:32:18.7328002Z remote: Counting objects:  40% (1499/3747)        
2025-09-20T17:32:18.7328391Z remote: Counting objects:  41% (1537/3747)        
2025-09-20T17:32:18.7328660Z remote: Counting objects:  42% (1574/3747)        
2025-09-20T17:32:18.7329543Z remote: Counting objects:  43% (1612/3747)        
2025-09-20T17:32:18.7329929Z remote: Counting objects:  44% (1649/3747)        
2025-09-20T17:32:18.7330370Z remote: Counting objects:  45% (1687/3747)        
2025-09-20T17:32:18.7330637Z remote: Counting objects:  46% (1724/3747)        
2025-09-20T17:32:18.7330911Z remote: Counting objects:  47% (1762/3747)        
2025-09-20T17:32:18.7331173Z remote: Counting objects:  48% (1799/3747)        
2025-09-20T17:32:18.7331428Z remote: Counting objects:  49% (1837/3747)        
2025-09-20T17:32:18.7331687Z remote: Counting objects:  50% (1874/3747)        
2025-09-20T17:32:18.7331964Z remote: Counting objects:  51% (1911/3747)        
2025-09-20T17:32:18.7332222Z remote: Counting objects:  52% (1949/3747)        
2025-09-20T17:32:18.7332478Z remote: Counting objects:  53% (1986/3747)        
2025-09-20T17:32:18.7332738Z remote: Counting objects:  54% (2024/3747)        
2025-09-20T17:32:18.7332991Z remote: Counting objects:  55% (2061/3747)        
2025-09-20T17:32:18.7333257Z remote: Counting objects:  56% (2099/3747)        
2025-09-20T17:32:18.7333517Z remote: Counting objects:  57% (2136/3747)        
2025-09-20T17:32:18.7333775Z remote: Counting objects:  58% (2174/3747)        
2025-09-20T17:32:18.7334039Z remote: Counting objects:  59% (2211/3747)        
2025-09-20T17:32:18.7334290Z remote: Counting objects:  60% (2249/3747)        
2025-09-20T17:32:18.7334555Z remote: Counting objects:  61% (2286/3747)        
2025-09-20T17:32:18.7334814Z remote: Counting objects:  62% (2324/3747)        
2025-09-20T17:32:18.7335073Z remote: Counting objects:  63% (2361/3747)        
2025-09-20T17:32:18.7335349Z remote: Counting objects:  64% (2399/3747)        
2025-09-20T17:32:18.7335602Z remote: Counting objects:  65% (2436/3747)        
2025-09-20T17:32:18.7335866Z remote: Counting objects:  66% (2474/3747)        
2025-09-20T17:32:18.7336120Z remote: Counting objects:  67% (2511/3747)        
2025-09-20T17:32:18.7336380Z remote: Counting objects:  68% (2548/3747)        
2025-09-20T17:32:18.7336864Z remote: Counting objects:  69% (2586/3747)        
2025-09-20T17:32:18.7337183Z remote: Counting objects:  70% (2623/3747)        
2025-09-20T17:32:18.7337846Z remote: Counting objects:  71% (2661/3747)        
2025-09-20T17:32:18.7338118Z remote: Counting objects:  72% (2698/3747)        
2025-09-20T17:32:18.7338499Z remote: Counting objects:  73% (2736/3747)        
2025-09-20T17:32:18.7338954Z remote: Counting objects:  74% (2773/3747)        
2025-09-20T17:32:18.7339420Z remote: Counting objects:  75% (2811/3747)        
2025-09-20T17:32:18.7339812Z remote: Counting objects:  76% (2848/3747)        
2025-09-20T17:32:18.7340079Z remote: Counting objects:  77% (2886/3747)        
2025-09-20T17:32:18.7340332Z remote: Counting objects:  78% (2923/3747)        
2025-09-20T17:32:18.7340599Z remote: Counting objects:  79% (2961/3747)        
2025-09-20T17:32:18.7340857Z remote: Counting objects:  80% (2998/3747)        
2025-09-20T17:32:18.7341112Z remote: Counting objects:  81% (3036/3747)        
2025-09-20T17:32:18.7341379Z remote: Counting objects:  82% (3073/3747)        
2025-09-20T17:32:18.7341638Z remote: Counting objects:  83% (3111/3747)        
2025-09-20T17:32:18.7342066Z remote: Counting objects:  84% (3148/3747)        
2025-09-20T17:32:18.7342375Z remote: Counting objects:  85% (3185/3747)        
2025-09-20T17:32:18.7342898Z remote: Counting objects:  86% (3223/3747)        
2025-09-20T17:32:18.7343248Z remote: Counting objects:  87% (3260/3747)        
2025-09-20T17:32:18.7343711Z remote: Counting objects:  88% (3298/3747)        
2025-09-20T17:32:18.7344176Z remote: Counting objects:  89% (3335/3747)        
2025-09-20T17:32:18.7344563Z remote: Counting objects:  90% (3373/3747)        
2025-09-20T17:32:18.7344831Z remote: Counting objects:  91% (3410/3747)        
2025-09-20T17:32:18.7345110Z remote: Counting objects:  92% (3448/3747)        
2025-09-20T17:32:18.7345366Z remote: Counting objects:  93% (3485/3747)        
2025-09-20T17:32:18.7345627Z remote: Counting objects:  94% (3523/3747)        
2025-09-20T17:32:18.7346085Z remote: Counting objects:  95% (3560/3747)        
2025-09-20T17:32:18.7346466Z remote: Counting objects:  96% (3598/3747)        
2025-09-20T17:32:18.7346731Z remote: Counting objects:  97% (3635/3747)        
2025-09-20T17:32:18.7346989Z remote: Counting objects:  98% (3673/3747)        
2025-09-20T17:32:18.7347497Z remote: Counting objects:  99% (3710/3747)        
2025-09-20T17:32:18.7347955Z remote: Counting objects: 100% (3747/3747)        
2025-09-20T17:32:18.7348394Z remote: Counting objects: 100% (3747/3747), done.        
2025-09-20T17:32:18.7348728Z remote: Compressing objects:   0% (1/3131)        
2025-09-20T17:32:18.7349020Z remote: Compressing objects:   1% (32/3131)        
2025-09-20T17:32:18.7349292Z remote: Compressing objects:   2% (63/3131)        
2025-09-20T17:32:18.7349744Z remote: Compressing objects:   3% (94/3131)        
2025-09-20T17:32:18.7350166Z remote: Compressing objects:   4% (126/3131)        
2025-09-20T17:32:18.7350550Z remote: Compressing objects:   5% (157/3131)        
2025-09-20T17:32:18.7350829Z remote: Compressing objects:   6% (188/3131)        
2025-09-20T17:32:18.7351307Z remote: Compressing objects:   7% (220/3131)        
2025-09-20T17:32:18.7351792Z remote: Compressing objects:   8% (251/3131)        
2025-09-20T17:32:18.7352157Z remote: Compressing objects:   9% (282/3131)        
2025-09-20T17:32:18.7352430Z remote: Compressing objects:  10% (314/3131)        
2025-09-20T17:32:18.7352895Z remote: Compressing objects:  11% (345/3131)        
2025-09-20T17:32:18.7353403Z remote: Compressing objects:  12% (376/3131)        
2025-09-20T17:32:18.7353836Z remote: Compressing objects:  13% (408/3131)        
2025-09-20T17:32:18.7354130Z remote: Compressing objects:  14% (439/3131)        
2025-09-20T17:32:18.7354624Z remote: Compressing objects:  15% (470/3131)        
2025-09-20T17:32:18.7355118Z remote: Compressing objects:  16% (501/3131)        
2025-09-20T17:32:18.7355597Z remote: Compressing objects:  17% (533/3131)        
2025-09-20T17:32:18.7355883Z remote: Compressing objects:  18% (564/3131)        
2025-09-20T17:32:18.7356164Z remote: Compressing objects:  19% (595/3131)        
2025-09-20T17:32:18.7356431Z remote: Compressing objects:  20% (627/3131)        
2025-09-20T17:32:18.7356703Z remote: Compressing objects:  21% (658/3131)        
2025-09-20T17:32:18.7356969Z remote: Compressing objects:  22% (689/3131)        
2025-09-20T17:32:18.7357592Z remote: Compressing objects:  23% (721/3131)        
2025-09-20T17:32:18.7357920Z remote: Compressing objects:  24% (752/3131)        
2025-09-20T17:32:18.7358450Z remote: Compressing objects:  25% (783/3131)        
2025-09-20T17:32:18.7358917Z remote: Compressing objects:  26% (815/3131)        
2025-09-20T17:32:18.7359405Z remote: Compressing objects:  27% (846/3131)        
2025-09-20T17:32:18.7359893Z remote: Compressing objects:  28% (877/3131)        
2025-09-20T17:32:18.7360278Z remote: Compressing objects:  29% (908/3131)        
2025-09-20T17:32:18.7360563Z remote: Compressing objects:  30% (940/3131)        
2025-09-20T17:32:18.7360830Z remote: Compressing objects:  31% (971/3131)        
2025-09-20T17:32:18.7361122Z remote: Compressing objects:  32% (1002/3131)        
2025-09-20T17:32:18.7361435Z remote: Compressing objects:  33% (1034/3131)        
2025-09-20T17:32:18.7361713Z remote: Compressing objects:  34% (1065/3131)        
2025-09-20T17:32:18.7361994Z remote: Compressing objects:  35% (1096/3131)        
2025-09-20T17:32:18.7362273Z remote: Compressing objects:  36% (1128/3131)        
2025-09-20T17:32:18.7362556Z remote: Compressing objects:  37% (1159/3131)        
2025-09-20T17:32:18.7362829Z remote: Compressing objects:  38% (1190/3131)        
2025-09-20T17:32:18.7363111Z remote: Compressing objects:  39% (1222/3131)        
2025-09-20T17:32:18.7363388Z remote: Compressing objects:  40% (1253/3131)        
2025-09-20T17:32:18.7363660Z remote: Compressing objects:  41% (1284/3131)        
2025-09-20T17:32:18.7363940Z remote: Compressing objects:  42% (1316/3131)        
2025-09-20T17:32:18.7364410Z remote: Compressing objects:  43% (1347/3131)        
2025-09-20T17:32:18.7364974Z remote: Compressing objects:  44% (1378/3131)        
2025-09-20T17:32:18.7365392Z remote: Compressing objects:  45% (1409/3131)        
2025-09-20T17:32:18.7365927Z remote: Compressing objects:  46% (1441/3131)        
2025-09-20T17:32:18.7366458Z remote: Compressing objects:  47% (1472/3131)        
2025-09-20T17:32:18.7366950Z remote: Compressing objects:  48% (1503/3131)        
2025-09-20T17:32:18.7367590Z remote: Compressing objects:  49% (1535/3131)        
2025-09-20T17:32:18.7367879Z remote: Compressing objects:  50% (1566/3131)        
2025-09-20T17:32:18.7368162Z remote: Compressing objects:  51% (1597/3131)        
2025-09-20T17:32:18.7368437Z remote: Compressing objects:  52% (1629/3131)        
2025-09-20T17:32:18.7368715Z remote: Compressing objects:  53% (1660/3131)        
2025-09-20T17:32:18.7368994Z remote: Compressing objects:  54% (1691/3131)        
2025-09-20T17:32:18.7369276Z remote: Compressing objects:  55% (1723/3131)        
2025-09-20T17:32:18.7369740Z remote: Compressing objects:  56% (1754/3131)        
2025-09-20T17:32:18.7370257Z remote: Compressing objects:  57% (1785/3131)        
2025-09-20T17:32:18.7370714Z remote: Compressing objects:  58% (1816/3131)        
2025-09-20T17:32:18.7370998Z remote: Compressing objects:  59% (1848/3131)        
2025-09-20T17:32:18.7371277Z remote: Compressing objects:  60% (1879/3131)        
2025-09-20T17:32:18.7371557Z remote: Compressing objects:  61% (1910/3131)        
2025-09-20T17:32:18.7371831Z remote: Compressing objects:  62% (1942/3131)        
2025-09-20T17:32:18.7372109Z remote: Compressing objects:  63% (1973/3131)        
2025-09-20T17:32:18.7372380Z remote: Compressing objects:  64% (2004/3131)        
2025-09-20T17:32:18.7372656Z remote: Compressing objects:  65% (2036/3131)        
2025-09-20T17:32:18.7372934Z remote: Compressing objects:  66% (2067/3131)        
2025-09-20T17:32:18.7373242Z remote: Compressing objects:  67% (2098/3131)        
2025-09-20T17:32:18.7373544Z remote: Compressing objects:  68% (2130/3131)        
2025-09-20T17:32:18.7373831Z remote: Compressing objects:  69% (2161/3131)        
2025-09-20T17:32:18.7374117Z remote: Compressing objects:  70% (2192/3131)        
2025-09-20T17:32:18.7374390Z remote: Compressing objects:  71% (2224/3131)        
2025-09-20T17:32:18.7374668Z remote: Compressing objects:  72% (2255/3131)        
2025-09-20T17:32:18.7386830Z remote: Compressing objects:  73% (2286/3131)        
2025-09-20T17:32:18.7387530Z remote: Compressing objects:  74% (2317/3131)        
2025-09-20T17:32:18.7390915Z remote: Compressing objects:  75% (2349/3131)        
2025-09-20T17:32:18.7391449Z remote: Compressing objects:  76% (2380/3131)        
2025-09-20T17:32:18.7404790Z remote: Compressing objects:  77% (2411/3131)        
2025-09-20T17:32:18.7405310Z remote: Compressing objects:  78% (2443/3131)        
2025-09-20T17:32:18.7405711Z remote: Compressing objects:  79% (2474/3131)        
2025-09-20T17:32:18.7406033Z remote: Compressing objects:  80% (2505/3131)        
2025-09-20T17:32:18.7409371Z remote: Compressing objects:  81% (2537/3131)        
2025-09-20T17:32:18.7409890Z remote: Compressing objects:  82% (2568/3131)        
2025-09-20T17:32:18.7410280Z remote: Compressing objects:  83% (2599/3131)        
2025-09-20T17:32:18.7413108Z remote: Compressing objects:  84% (2631/3131)        
2025-09-20T17:32:18.7419598Z remote: Compressing objects:  85% (2662/3131)        
2025-09-20T17:32:18.7420160Z remote: Compressing objects:  86% (2693/3131)        
2025-09-20T17:32:18.7420692Z remote: Compressing objects:  87% (2724/3131)        
2025-09-20T17:32:18.7421202Z remote: Compressing objects:  88% (2756/3131)        
2025-09-20T17:32:18.7421749Z remote: Compressing objects:  89% (2787/3131)        
2025-09-20T17:32:18.7422188Z remote: Compressing objects:  90% (2818/3131)        
2025-09-20T17:32:18.7422483Z remote: Compressing objects:  91% (2850/3131)        
2025-09-20T17:32:18.7422975Z remote: Compressing objects:  92% (2881/3131)        
2025-09-20T17:32:18.7423255Z remote: Compressing objects:  93% (2912/3131)        
2025-09-20T17:32:18.7423648Z remote: Compressing objects:  94% (2944/3131)        
2025-09-20T17:32:18.7423943Z remote: Compressing objects:  95% (2975/3131)        
2025-09-20T17:32:18.7424233Z remote: Compressing objects:  96% (3006/3131)        
2025-09-20T17:32:18.7424509Z remote: Compressing objects:  97% (3038/3131)        
2025-09-20T17:32:18.7424790Z remote: Compressing objects:  98% (3069/3131)        
2025-09-20T17:32:18.7425062Z remote: Compressing objects:  99% (3100/3131)        
2025-09-20T17:32:18.7425341Z remote: Compressing objects: 100% (3131/3131)        
2025-09-20T17:32:18.7425657Z remote: Compressing objects: 100% (3131/3131), done.        
2025-09-20T17:32:18.7721632Z Receiving objects:   0% (1/3747)
2025-09-20T17:32:18.8188920Z Receiving objects:   1% (38/3747)
2025-09-20T17:32:18.8663276Z Receiving objects:   2% (75/3747)
2025-09-20T17:32:18.8674060Z Receiving objects:   3% (113/3747)
2025-09-20T17:32:18.8881509Z Receiving objects:   4% (150/3747)
2025-09-20T17:32:18.8897620Z Receiving objects:   5% (188/3747)
2025-09-20T17:32:18.8990589Z Receiving objects:   6% (225/3747)
2025-09-20T17:32:18.9091397Z Receiving objects:   7% (263/3747)
2025-09-20T17:32:18.9094953Z Receiving objects:   8% (300/3747)
2025-09-20T17:32:18.9112284Z Receiving objects:   9% (338/3747)
2025-09-20T17:32:18.9339346Z Receiving objects:  10% (375/3747)
2025-09-20T17:32:18.9375269Z Receiving objects:  11% (413/3747)
2025-09-20T17:32:18.9550484Z Receiving objects:  12% (450/3747)
2025-09-20T17:32:18.9589962Z Receiving objects:  13% (488/3747)
2025-09-20T17:32:18.9605361Z Receiving objects:  14% (525/3747)
2025-09-20T17:32:18.9659923Z Receiving objects:  15% (563/3747)
2025-09-20T17:32:18.9671574Z Receiving objects:  16% (600/3747)
2025-09-20T17:32:18.9681742Z Receiving objects:  17% (637/3747)
2025-09-20T17:32:18.9699866Z Receiving objects:  18% (675/3747)
2025-09-20T17:32:18.9708330Z Receiving objects:  19% (712/3747)
2025-09-20T17:32:18.9737967Z Receiving objects:  20% (750/3747)
2025-09-20T17:32:18.9751809Z Receiving objects:  21% (787/3747)
2025-09-20T17:32:18.9862989Z Receiving objects:  22% (825/3747)
2025-09-20T17:32:18.9869988Z Receiving objects:  23% (862/3747)
2025-09-20T17:32:18.9877839Z Receiving objects:  24% (900/3747)
2025-09-20T17:32:18.9893391Z Receiving objects:  25% (937/3747)
2025-09-20T17:32:18.9900959Z Receiving objects:  26% (975/3747)
2025-09-20T17:32:18.9906090Z Receiving objects:  27% (1012/3747)
2025-09-20T17:32:18.9954108Z Receiving objects:  28% (1050/3747)
2025-09-20T17:32:18.9961959Z Receiving objects:  29% (1087/3747)
2025-09-20T17:32:19.2092217Z Receiving objects:  30% (1125/3747)
2025-09-20T17:32:19.2097766Z Receiving objects:  31% (1162/3747)
2025-09-20T17:32:19.2104301Z Receiving objects:  32% (1200/3747)
2025-09-20T17:32:19.2117618Z Receiving objects:  33% (1237/3747)
2025-09-20T17:32:19.2125112Z Receiving objects:  34% (1274/3747)
2025-09-20T17:32:19.2164371Z Receiving objects:  35% (1312/3747)
2025-09-20T17:32:19.2174106Z Receiving objects:  36% (1349/3747)
2025-09-20T17:32:19.2181008Z Receiving objects:  37% (1387/3747)
2025-09-20T17:32:19.2185717Z Receiving objects:  38% (1424/3747)
2025-09-20T17:32:19.2199195Z Receiving objects:  39% (1462/3747)
2025-09-20T17:32:19.2241639Z Receiving objects:  40% (1499/3747)
2025-09-20T17:32:19.2249281Z Receiving objects:  41% (1537/3747)
2025-09-20T17:32:19.2262409Z Receiving objects:  42% (1574/3747)
2025-09-20T17:32:19.2278038Z Receiving objects:  43% (1612/3747)
2025-09-20T17:32:19.2285022Z Receiving objects:  44% (1649/3747)
2025-09-20T17:32:19.2291783Z Receiving objects:  45% (1687/3747)
2025-09-20T17:32:19.2300846Z Receiving objects:  46% (1724/3747)
2025-09-20T17:32:19.2307659Z Receiving objects:  47% (1762/3747)
2025-09-20T17:32:19.2310795Z Receiving objects:  48% (1799/3747)
2025-09-20T17:32:19.2315805Z Receiving objects:  49% (1837/3747)
2025-09-20T17:32:19.2331132Z Receiving objects:  50% (1874/3747)
2025-09-20T17:32:19.2339956Z Receiving objects:  51% (1911/3747)
2025-09-20T17:32:19.2349426Z Receiving objects:  52% (1949/3747)
2025-09-20T17:32:19.2356778Z Receiving objects:  53% (1986/3747)
2025-09-20T17:32:19.2361753Z Receiving objects:  54% (2024/3747)
2025-09-20T17:32:19.2374588Z Receiving objects:  55% (2061/3747)
2025-09-20T17:32:19.2407591Z Receiving objects:  56% (2099/3747)
2025-09-20T17:32:19.2417654Z Receiving objects:  57% (2136/3747)
2025-09-20T17:32:19.2486020Z Receiving objects:  58% (2174/3747)
2025-09-20T17:32:19.2497886Z Receiving objects:  59% (2211/3747)
2025-09-20T17:32:19.2505912Z Receiving objects:  60% (2249/3747)
2025-09-20T17:32:19.2522756Z Receiving objects:  61% (2286/3747)
2025-09-20T17:32:19.2536660Z Receiving objects:  62% (2324/3747)
2025-09-20T17:32:19.2544856Z Receiving objects:  63% (2361/3747)
2025-09-20T17:32:19.2562677Z Receiving objects:  64% (2399/3747)
2025-09-20T17:32:19.2706586Z Receiving objects:  65% (2436/3747)
2025-09-20T17:32:19.2713164Z Receiving objects:  66% (2474/3747), 15.23 MiB | 30.46 MiB/s
2025-09-20T17:32:19.2720559Z Receiving objects:  67% (2511/3747), 15.23 MiB | 30.46 MiB/s
2025-09-20T17:32:19.2742126Z Receiving objects:  68% (2548/3747), 15.23 MiB | 30.46 MiB/s
2025-09-20T17:32:19.2777715Z Receiving objects:  69% (2586/3747), 15.23 MiB | 30.46 MiB/s
2025-09-20T17:32:19.2785066Z Receiving objects:  70% (2623/3747), 15.23 MiB | 30.46 MiB/s
2025-09-20T17:32:19.2794495Z Receiving objects:  71% (2661/3747), 15.23 MiB | 30.46 MiB/s
2025-09-20T17:32:19.2843406Z Receiving objects:  72% (2698/3747), 15.23 MiB | 30.46 MiB/s
2025-09-20T17:32:19.2861476Z Receiving objects:  73% (2736/3747), 15.23 MiB | 30.46 MiB/s
2025-09-20T17:32:19.2876855Z Receiving objects:  74% (2773/3747), 15.23 MiB | 30.46 MiB/s
2025-09-20T17:32:19.2898927Z Receiving objects:  75% (2811/3747), 15.23 MiB | 30.46 MiB/s
2025-09-20T17:32:19.2924674Z Receiving objects:  76% (2848/3747), 15.23 MiB | 30.46 MiB/s
2025-09-20T17:32:19.4755022Z Receiving objects:  77% (2886/3747), 15.23 MiB | 30.46 MiB/s
2025-09-20T17:32:19.4779114Z Receiving objects:  78% (2923/3747), 15.23 MiB | 30.46 MiB/s
2025-09-20T17:32:19.4803270Z Receiving objects:  79% (2961/3747), 15.23 MiB | 30.46 MiB/s
2025-09-20T17:32:19.4820678Z Receiving objects:  80% (2998/3747), 15.23 MiB | 30.46 MiB/s
2025-09-20T17:32:19.4829576Z Receiving objects:  81% (3036/3747), 15.23 MiB | 30.46 MiB/s
2025-09-20T17:32:19.4896744Z Receiving objects:  82% (3073/3747), 15.23 MiB | 30.46 MiB/s
2025-09-20T17:32:19.4910449Z Receiving objects:  83% (3111/3747), 15.23 MiB | 30.46 MiB/s
2025-09-20T17:32:19.4919177Z Receiving objects:  84% (3148/3747), 15.23 MiB | 30.46 MiB/s
2025-09-20T17:32:19.4943508Z Receiving objects:  85% (3185/3747), 15.23 MiB | 30.46 MiB/s
2025-09-20T17:32:19.4957110Z Receiving objects:  86% (3223/3747), 15.23 MiB | 30.46 MiB/s
2025-09-20T17:32:19.4979503Z Receiving objects:  87% (3260/3747), 15.23 MiB | 30.46 MiB/s
2025-09-20T17:32:19.4994420Z Receiving objects:  88% (3298/3747), 15.23 MiB | 30.46 MiB/s
2025-09-20T17:32:19.5005458Z Receiving objects:  89% (3335/3747), 15.23 MiB | 30.46 MiB/s
2025-09-20T17:32:19.5013015Z Receiving objects:  90% (3373/3747), 15.23 MiB | 30.46 MiB/s
2025-09-20T17:32:19.5020083Z Receiving objects:  91% (3410/3747), 15.23 MiB | 30.46 MiB/s
2025-09-20T17:32:19.5033736Z Receiving objects:  92% (3448/3747), 15.23 MiB | 30.46 MiB/s
2025-09-20T17:32:19.5057060Z Receiving objects:  93% (3485/3747), 15.23 MiB | 30.46 MiB/s
2025-09-20T17:32:19.5070490Z Receiving objects:  94% (3523/3747), 15.23 MiB | 30.46 MiB/s
2025-09-20T17:32:19.5085657Z Receiving objects:  95% (3560/3747), 15.23 MiB | 30.46 MiB/s
2025-09-20T17:32:19.5096929Z Receiving objects:  96% (3598/3747), 15.23 MiB | 30.46 MiB/s
2025-09-20T17:32:19.5118622Z Receiving objects:  97% (3635/3747), 15.23 MiB | 30.46 MiB/s
2025-09-20T17:32:19.5119360Z remote: Total 3747 (delta 449), reused 3744 (delta 448), pack-reused 0 (from 0)        
2025-09-20T17:32:19.5129806Z Receiving objects:  98% (3673/3747), 15.23 MiB | 30.46 MiB/s
2025-09-20T17:32:19.5140852Z Receiving objects:  99% (3710/3747), 15.23 MiB | 30.46 MiB/s
2025-09-20T17:32:19.5141696Z Receiving objects: 100% (3747/3747), 15.23 MiB | 30.46 MiB/s
2025-09-20T17:32:19.5142153Z Receiving objects: 100% (3747/3747), 25.80 MiB | 34.13 MiB/s, done.
2025-09-20T17:32:19.5146868Z Resolving deltas:   0% (0/449)
2025-09-20T17:32:19.5148479Z Resolving deltas:   1% (5/449)
2025-09-20T17:32:19.5148901Z Resolving deltas:   2% (9/449)
2025-09-20T17:32:19.5149270Z Resolving deltas:   3% (14/449)
2025-09-20T17:32:19.5149637Z Resolving deltas:   4% (18/449)
2025-09-20T17:32:19.5149954Z Resolving deltas:   5% (23/449)
2025-09-20T17:32:19.5154330Z Resolving deltas:   6% (27/449)
2025-09-20T17:32:19.5154978Z Resolving deltas:   7% (32/449)
2025-09-20T17:32:19.5155510Z Resolving deltas:   8% (36/449)
2025-09-20T17:32:19.5155987Z Resolving deltas:   9% (41/449)
2025-09-20T17:32:19.5156358Z Resolving deltas:  10% (46/449)
2025-09-20T17:32:19.5170273Z Resolving deltas:  11% (50/449)
2025-09-20T17:32:19.5233936Z Resolving deltas:  12% (54/449)
2025-09-20T17:32:19.5255029Z Resolving deltas:  13% (59/449)
2025-09-20T17:32:19.5256353Z Resolving deltas:  14% (63/449)
2025-09-20T17:32:19.5258141Z Resolving deltas:  15% (68/449)
2025-09-20T17:32:19.5260387Z Resolving deltas:  16% (72/449)
2025-09-20T17:32:19.5268135Z Resolving deltas:  17% (77/449)
2025-09-20T17:32:19.5297865Z Resolving deltas:  18% (81/449)
2025-09-20T17:32:19.5301089Z Resolving deltas:  19% (86/449)
2025-09-20T17:32:19.5302527Z Resolving deltas:  20% (90/449)
2025-09-20T17:32:19.5306123Z Resolving deltas:  21% (95/449)
2025-09-20T17:32:19.5307996Z Resolving deltas:  22% (99/449)
2025-09-20T17:32:19.5309984Z Resolving deltas:  23% (105/449)
2025-09-20T17:32:19.5311891Z Resolving deltas:  24% (109/449)
2025-09-20T17:32:19.5312290Z Resolving deltas:  25% (114/449)
2025-09-20T17:32:19.5312705Z Resolving deltas:  26% (117/449)
2025-09-20T17:32:19.5313084Z Resolving deltas:  27% (123/449)
2025-09-20T17:32:19.5313454Z Resolving deltas:  28% (126/449)
2025-09-20T17:32:19.5313868Z Resolving deltas:  29% (131/449)
2025-09-20T17:32:19.5314284Z Resolving deltas:  30% (135/449)
2025-09-20T17:32:19.5314707Z Resolving deltas:  31% (140/449)
2025-09-20T17:32:19.5315070Z Resolving deltas:  32% (144/449)
2025-09-20T17:32:19.5315426Z Resolving deltas:  33% (149/449)
2025-09-20T17:32:19.5315813Z Resolving deltas:  34% (154/449)
2025-09-20T17:32:19.5316201Z Resolving deltas:  35% (158/449)
2025-09-20T17:32:19.5316568Z Resolving deltas:  36% (162/449)
2025-09-20T17:32:19.5316918Z Resolving deltas:  37% (167/449)
2025-09-20T17:32:19.5317491Z Resolving deltas:  38% (171/449)
2025-09-20T17:32:19.5317752Z Resolving deltas:  39% (176/449)
2025-09-20T17:32:19.5317983Z Resolving deltas:  40% (180/449)
2025-09-20T17:32:19.5318188Z Resolving deltas:  41% (185/449)
2025-09-20T17:32:19.5321359Z Resolving deltas:  42% (189/449)
2025-09-20T17:32:19.5322704Z Resolving deltas:  43% (194/449)
2025-09-20T17:32:19.5324393Z Resolving deltas:  44% (199/449)
2025-09-20T17:32:19.5325142Z Resolving deltas:  45% (203/449)
2025-09-20T17:32:19.5327164Z Resolving deltas:  46% (208/449)
2025-09-20T17:32:19.5328123Z Resolving deltas:  47% (212/449)
2025-09-20T17:32:19.5329450Z Resolving deltas:  48% (216/449)
2025-09-20T17:32:19.5333202Z Resolving deltas:  49% (221/449)
2025-09-20T17:32:19.5333823Z Resolving deltas:  50% (225/449)
2025-09-20T17:32:19.5371694Z Resolving deltas:  51% (229/449)
2025-09-20T17:32:19.5373729Z Resolving deltas:  52% (234/449)
2025-09-20T17:32:19.5375287Z Resolving deltas:  53% (238/449)
2025-09-20T17:32:19.5375715Z Resolving deltas:  54% (244/449)
2025-09-20T17:32:19.5377036Z Resolving deltas:  55% (247/449)
2025-09-20T17:32:19.5377959Z Resolving deltas:  56% (252/449)
2025-09-20T17:32:19.5378972Z Resolving deltas:  57% (256/449)
2025-09-20T17:32:19.5379380Z Resolving deltas:  58% (261/449)
2025-09-20T17:32:19.5379749Z Resolving deltas:  59% (265/449)
2025-09-20T17:32:19.5380121Z Resolving deltas:  60% (270/449)
2025-09-20T17:32:19.5383414Z Resolving deltas:  61% (274/449)
2025-09-20T17:32:19.5384562Z Resolving deltas:  62% (279/449)
2025-09-20T17:32:19.5385156Z Resolving deltas:  63% (283/449)
2025-09-20T17:32:19.5386935Z Resolving deltas:  64% (288/449)
2025-09-20T17:32:19.5389848Z Resolving deltas:  65% (292/449)
2025-09-20T17:32:19.5390433Z Resolving deltas:  66% (298/449)
2025-09-20T17:32:19.5391600Z Resolving deltas:  67% (301/449)
2025-09-20T17:32:19.5392807Z Resolving deltas:  68% (306/449)
2025-09-20T17:32:19.5394563Z Resolving deltas:  69% (310/449)
2025-09-20T17:32:19.5394952Z Resolving deltas:  70% (315/449)
2025-09-20T17:32:19.5396188Z Resolving deltas:  71% (320/449)
2025-09-20T17:32:19.5398387Z Resolving deltas:  72% (324/449)
2025-09-20T17:32:19.5400291Z Resolving deltas:  73% (328/449)
2025-09-20T17:32:19.5401008Z Resolving deltas:  74% (333/449)
2025-09-20T17:32:19.5406696Z Resolving deltas:  75% (337/449)
2025-09-20T17:32:19.5409541Z Resolving deltas:  76% (342/449)
2025-09-20T17:32:19.5409941Z Resolving deltas:  77% (346/449)
2025-09-20T17:32:19.5410329Z Resolving deltas:  78% (351/449)
2025-09-20T17:32:19.5412778Z Resolving deltas:  79% (355/449)
2025-09-20T17:32:19.5414710Z Resolving deltas:  80% (361/449)
2025-09-20T17:32:19.5416323Z Resolving deltas:  81% (364/449)
2025-09-20T17:32:19.5420766Z Resolving deltas:  82% (369/449)
2025-09-20T17:32:19.5421297Z Resolving deltas:  83% (373/449)
2025-09-20T17:32:19.5423361Z Resolving deltas:  84% (378/449)
2025-09-20T17:32:19.5425253Z Resolving deltas:  85% (382/449)
2025-09-20T17:32:19.5426948Z Resolving deltas:  86% (387/449)
2025-09-20T17:32:19.5432531Z Resolving deltas:  87% (391/449)
2025-09-20T17:32:19.5439697Z Resolving deltas:  88% (396/449)
2025-09-20T17:32:19.5447123Z Resolving deltas:  89% (400/449)
2025-09-20T17:32:19.5448780Z Resolving deltas:  90% (405/449)
2025-09-20T17:32:19.5452101Z Resolving deltas:  91% (409/449)
2025-09-20T17:32:19.5453561Z Resolving deltas:  92% (414/449)
2025-09-20T17:32:19.5458089Z Resolving deltas:  93% (419/449)
2025-09-20T17:32:19.5458505Z Resolving deltas:  94% (423/449)
2025-09-20T17:32:19.5463282Z Resolving deltas:  95% (427/449)
2025-09-20T17:32:19.5464471Z Resolving deltas:  96% (432/449)
2025-09-20T17:32:19.5466935Z Resolving deltas:  97% (436/449)
2025-09-20T17:32:19.5468556Z Resolving deltas:  98% (441/449)
2025-09-20T17:32:19.5475241Z Resolving deltas:  99% (445/449)
2025-09-20T17:32:19.5475814Z Resolving deltas: 100% (449/449)
2025-09-20T17:32:19.5476202Z Resolving deltas: 100% (449/449), done.
2025-09-20T17:32:19.5932187Z From https://github.com/Yrcd27/QA-and-Testing-for-Mirror
2025-09-20T17:32:19.5932701Z  * [new ref]         cb054c2160003a6efdd26d632fbde75939f9b18c -> origin/main
2025-09-20T17:32:19.6030180Z ##[endgroup]
2025-09-20T17:32:19.6032167Z ##[group]Determining the checkout info
2025-09-20T17:32:19.6032860Z ##[endgroup]
2025-09-20T17:32:19.6033361Z ##[group]Checking out the ref
2025-09-20T17:32:19.6037775Z [command]/usr/bin/git checkout --progress --force -B main refs/remotes/origin/main
2025-09-20T17:32:20.0454306Z Switched to a new branch 'main'
2025-09-20T17:32:20.0455469Z branch 'main' set up to track 'origin/main'.
2025-09-20T17:32:20.0479333Z ##[endgroup]
2025-09-20T17:32:20.0517539Z [command]/usr/bin/git log -1 --format='%H'
2025-09-20T17:32:20.0541126Z 'cb054c2160003a6efdd26d632fbde75939f9b18c'
2025-09-20T17:32:20.0746631Z ##[group]Run actions/setup-node@v3
2025-09-20T17:32:20.0746898Z with:
2025-09-20T17:32:20.0747060Z   node-version: 18.x
2025-09-20T17:32:20.0747479Z   cache: npm
2025-09-20T17:32:20.0747653Z   always-auth: false
2025-09-20T17:32:20.0747840Z   check-latest: false
2025-09-20T17:32:20.0748123Z   token: ***
2025-09-20T17:32:20.0748288Z ##[endgroup]
2025-09-20T17:32:20.3098578Z Found in cache @ /opt/hostedtoolcache/node/18.20.8/x64
2025-09-20T17:32:20.3102827Z ##[group]Environment details
2025-09-20T17:32:22.4972889Z node: v18.20.8
2025-09-20T17:32:22.4973263Z npm: 10.8.2
2025-09-20T17:32:22.4973548Z yarn: 1.22.22
2025-09-20T17:32:22.4974680Z ##[endgroup]
2025-09-20T17:32:22.4989977Z [command]/opt/hostedtoolcache/node/18.20.8/x64/bin/npm config get cache
2025-09-20T17:32:22.9041511Z /home/runner/.npm
2025-09-20T17:32:23.1253748Z npm cache is not found
2025-09-20T17:32:23.1356039Z ##[group]Run npm install
2025-09-20T17:32:23.1356322Z [36;1mnpm install[0m
2025-09-20T17:32:23.1643456Z shell: /usr/bin/bash -e {0}
2025-09-20T17:32:23.1643763Z ##[endgroup]
2025-09-20T17:32:25.6662131Z npm warn EBADENGINE Unsupported engine {
2025-09-20T17:32:25.6662839Z npm warn EBADENGINE   package: 'react-router@7.7.1',
2025-09-20T17:32:25.6663355Z npm warn EBADENGINE   required: { node: '>=20.0.0' },
2025-09-20T17:32:25.6663902Z npm warn EBADENGINE   current: { node: 'v18.20.8', npm: '10.8.2' }
2025-09-20T17:32:25.6664337Z npm warn EBADENGINE }
2025-09-20T17:32:25.6664692Z npm warn EBADENGINE Unsupported engine {
2025-09-20T17:32:25.6665184Z npm warn EBADENGINE   package: 'react-router-dom@7.7.1',
2025-09-20T17:32:25.6665721Z npm warn EBADENGINE   required: { node: '>=20.0.0' },
2025-09-20T17:32:25.6666369Z npm warn EBADENGINE   current: { node: 'v18.20.8', npm: '10.8.2' }
2025-09-20T17:32:25.6666752Z npm warn EBADENGINE }
2025-09-20T17:32:25.9421767Z 
2025-09-20T17:32:25.9422649Z up to date, audited 8 packages in 3s
2025-09-20T17:32:25.9430053Z 
2025-09-20T17:32:25.9430377Z found 0 vulnerabilities
2025-09-20T17:32:25.9526961Z ##[group]Run npm install
2025-09-20T17:32:25.9527430Z [36;1mnpm install[0m
2025-09-20T17:32:25.9557890Z shell: /usr/bin/bash -e {0}
2025-09-20T17:32:25.9558244Z ##[endgroup]
2025-09-20T17:32:27.7567500Z 
2025-09-20T17:32:27.7568497Z added 144 packages, and audited 145 packages in 2s
2025-09-20T17:32:27.7568977Z 
2025-09-20T17:32:27.7569288Z 21 packages are looking for funding
2025-09-20T17:32:27.7569751Z   run `npm fund` for details
2025-09-20T17:32:27.7579296Z 
2025-09-20T17:32:27.7579660Z found 0 vulnerabilities
2025-09-20T17:32:27.7744086Z ##[group]Run node --check server.js
2025-09-20T17:32:27.7744400Z [36;1mnode --check server.js[0m
2025-09-20T17:32:27.7774909Z shell: /usr/bin/bash -e {0}
2025-09-20T17:32:27.7775155Z ##[endgroup]
2025-09-20T17:32:27.8313702Z ##[group]Run npm install
2025-09-20T17:32:27.8313985Z [36;1mnpm install[0m
2025-09-20T17:32:27.8343468Z shell: /usr/bin/bash -e {0}
2025-09-20T17:32:27.8343702Z ##[endgroup]
2025-09-20T17:32:28.3038762Z npm warn EBADENGINE Unsupported engine {
2025-09-20T17:32:28.3039277Z npm warn EBADENGINE   package: 'react-router@7.9.1',
2025-09-20T17:32:28.3039727Z npm warn EBADENGINE   required: { node: '>=20.0.0' },
2025-09-20T17:32:28.3040201Z npm warn EBADENGINE   current: { node: 'v18.20.8', npm: '10.8.2' }
2025-09-20T17:32:28.3040688Z npm warn EBADENGINE }
2025-09-20T17:32:28.3044135Z npm warn EBADENGINE Unsupported engine {
2025-09-20T17:32:28.3044795Z npm warn EBADENGINE   package: 'react-router-dom@7.9.1',
2025-09-20T17:32:28.3045291Z npm warn EBADENGINE   required: { node: '>=20.0.0' },
2025-09-20T17:32:28.3045763Z npm warn EBADENGINE   current: { node: 'v18.20.8', npm: '10.8.2' }
2025-09-20T17:32:28.3046139Z npm warn EBADENGINE }
2025-09-20T17:32:28.3051954Z npm warn EBADENGINE Unsupported engine {
2025-09-20T17:32:28.3052352Z npm warn EBADENGINE   package: 'vite@7.1.6',
2025-09-20T17:32:28.3052805Z npm warn EBADENGINE   required: { node: '^20.19.0 || >=22.12.0' },
2025-09-20T17:32:28.3053303Z npm warn EBADENGINE   current: { node: 'v18.20.8', npm: '10.8.2' }
2025-09-20T17:32:28.3053681Z npm warn EBADENGINE }
2025-09-20T17:32:31.5822586Z 
2025-09-20T17:32:31.5823327Z added 212 packages, and audited 213 packages in 4s
2025-09-20T17:32:31.5823794Z 
2025-09-20T17:32:31.5825917Z 43 packages are looking for funding
2025-09-20T17:32:31.5826503Z   run `npm fund` for details
2025-09-20T17:32:31.5834572Z 
2025-09-20T17:32:31.5834788Z found 0 vulnerabilities
2025-09-20T17:32:31.6057901Z ##[group]Run npm run build
2025-09-20T17:32:31.6058198Z [36;1mnpm run build[0m
2025-09-20T17:32:31.6088827Z shell: /usr/bin/bash -e {0}
2025-09-20T17:32:31.6089074Z ##[endgroup]
2025-09-20T17:32:31.7585107Z 
2025-09-20T17:32:31.7585481Z > mirror-frontend@0.0.0 build
2025-09-20T17:32:31.7585892Z > node "./node_modules/vite/bin/vite.js" build
2025-09-20T17:32:31.7586377Z 
2025-09-20T17:32:31.8042023Z [33mYou are using Node.js 18.20.8. Vite requires Node.js version 20.19+ or 22.12+. Please upgrade your Node.js version.[39m
2025-09-20T17:32:33.4234907Z [36mvite v7.1.6 [32mbuilding for production...[36m[39m
2025-09-20T17:32:33.4830770Z [32m✓[39m 0 modules transformed.
2025-09-20T17:32:33.4854194Z [31m✗[39m Build failed in 31ms
2025-09-20T17:32:33.4855223Z [31merror during build:
2025-09-20T17:32:33.4855958Z [31m[vite:build-html] crypto.hash is not a function[31m
2025-09-20T17:32:33.4857014Z file: [36m/home/runner/work/QA-and-Testing-for-Mirror/QA-and-Testing-for-Mirror/mirror-frontend/index.html[31m
2025-09-20T17:32:33.4858548Z     at getHash (file:///home/runner/work/QA-and-Testing-for-Mirror/QA-and-Testing-for-Mirror/mirror-frontend/node_modules/vite/dist/node/chunks/dep-D5b0Zz6C.js:2621:21)
2025-09-20T17:32:33.4860135Z     at file:///home/runner/work/QA-and-Testing-for-Mirror/QA-and-Testing-for-Mirror/mirror-frontend/node_modules/vite/dist/node/chunks/dep-D5b0Zz6C.js:26646:22
2025-09-20T17:32:33.4861647Z     at traverseNodes (file:///home/runner/work/QA-and-Testing-for-Mirror/QA-and-Testing-for-Mirror/mirror-frontend/node_modules/vite/dist/node/chunks/dep-D5b0Zz6C.js:26416:2)
2025-09-20T17:32:33.4863062Z     at file:///home/runner/work/QA-and-Testing-for-Mirror/QA-and-Testing-for-Mirror/mirror-frontend/node_modules/vite/dist/node/chunks/dep-D5b0Zz6C.js:26417:141
2025-09-20T17:32:33.4863899Z     at Array.forEach (<anonymous>)
2025-09-20T17:32:33.4864981Z     at traverseNodes (file:///home/runner/work/QA-and-Testing-for-Mirror/QA-and-Testing-for-Mirror/mirror-frontend/node_modules/vite/dist/node/chunks/dep-D5b0Zz6C.js:26417:118)
2025-09-20T17:32:33.4866439Z     at file:///home/runner/work/QA-and-Testing-for-Mirror/QA-and-Testing-for-Mirror/mirror-frontend/node_modules/vite/dist/node/chunks/dep-D5b0Zz6C.js:26417:141
2025-09-20T17:32:33.4867357Z     at Array.forEach (<anonymous>)
2025-09-20T17:32:33.4868319Z     at traverseNodes (file:///home/runner/work/QA-and-Testing-for-Mirror/QA-and-Testing-for-Mirror/mirror-frontend/node_modules/vite/dist/node/chunks/dep-D5b0Zz6C.js:26417:118)
2025-09-20T17:32:33.4870254Z     at file:///home/runner/work/QA-and-Testing-for-Mirror/QA-and-Testing-for-Mirror/mirror-frontend/node_modules/vite/dist/node/chunks/dep-D5b0Zz6C.js:26417:141[39m
2025-09-20T17:32:33.5040485Z ##[error]Process completed with exit code 1.
2025-09-20T17:32:33.5083311Z ##[group]Run npm install
2025-09-20T17:32:33.5083560Z [36;1mnpm install[0m
2025-09-20T17:32:33.5113281Z shell: /usr/bin/bash -e {0}
2025-09-20T17:32:33.5113516Z ##[endgroup]
2025-09-20T17:32:41.8680510Z npm warn deprecated inflight@1.0.6: This module is not supported, and leaks memory. Do not use it. Check out lru-cache if you want a good and tested way to coalesce async requests by a key value, which is much more comprehensive and powerful.
2025-09-20T17:32:41.9135717Z npm warn deprecated glob@7.2.3: Glob versions prior to v9 are no longer supported
2025-09-20T17:32:41.9659388Z npm warn deprecated supertest@6.3.4: Please upgrade to supertest v7.1.3+, see release notes at https://github.com/forwardemail/supertest/releases/tag/v7.1.3 - maintenance is supported by Forward Email @ https://forwardemail.net
2025-09-20T17:32:42.0605245Z npm warn deprecated superagent@8.1.2: Please upgrade to superagent v10.2.2+, see release notes at https://github.com/forwardemail/superagent/releases/tag/v10.2.2 - maintenance is supported by Forward Email @ https://forwardemail.net
2025-09-20T17:32:42.5489068Z 
2025-09-20T17:32:42.5489813Z added 304 packages, and audited 305 packages in 9s
2025-09-20T17:32:42.5490270Z 
2025-09-20T17:32:42.5490540Z 46 packages are looking for funding
2025-09-20T17:32:42.5490978Z   run `npm fund` for details
2025-09-20T17:32:42.5500942Z 
2025-09-20T17:32:42.5501436Z found 0 vulnerabilities
2025-09-20T17:32:42.5757727Z ##[group]Run npm test
2025-09-20T17:32:42.5757985Z [36;1mnpm test[0m
2025-09-20T17:32:42.5787920Z shell: /usr/bin/bash -e {0}
2025-09-20T17:32:42.5788354Z env:
2025-09-20T17:32:42.5788551Z   API_BASE_URL: http://localhost:3000
2025-09-20T17:32:42.5788811Z ##[endgroup]
2025-09-20T17:32:42.7265924Z 
2025-09-20T17:32:42.7266478Z > mirror-unit-tests@1.0.0 test
2025-09-20T17:32:42.7266871Z > node ./run-tests.js
2025-09-20T17:32:42.7267021Z 
2025-09-20T17:32:42.7608293Z 
2025-09-20T17:32:42.7609002Z === Running Registration Tests First ===
2025-09-20T17:32:42.7609424Z 
2025-09-20T17:32:43.6138198Z   console.log
2025-09-20T17:32:43.6138713Z     Using test user for registration: {
2025-09-20T17:32:43.6139254Z       Name: 'TestUser_1758389563587',
2025-09-20T17:32:43.6139755Z       email: 'testuser_1758389563587@example.com',
2025-09-20T17:32:43.6140251Z       passwordLength: 17
2025-09-20T17:32:43.6140617Z     }
2025-09-20T17:32:43.6140778Z 
2025-09-20T17:32:43.6141113Z       at Object.log (auth/registration.test.js:8:13)
2025-09-20T17:32:43.6141475Z 
2025-09-20T17:32:43.6164377Z   console.log
2025-09-20T17:32:43.6165238Z     Making registration request to: { baseUrl: 'http://localhost:5000', path: '/api/auth/signup' }
2025-09-20T17:32:43.6165859Z 
2025-09-20T17:32:43.6166141Z       at Object.log (auth/registration.test.js:19:13)
2025-09-20T17:32:43.6166510Z 
2025-09-20T17:32:43.6463246Z FAIL auth/registration.test.js
2025-09-20T17:32:43.6465146Z   User Registration Tests
2025-09-20T17:32:43.6467831Z     ✕ Should register a new user successfully (12 ms)
2025-09-20T17:32:43.6468488Z     ✕ Should fail registration when fields are missing (2 ms)
2025-09-20T17:32:43.6469169Z     ✕ Should fail registration with short password (2 ms)
2025-09-20T17:32:43.6469858Z     ✕ Should fail registration with existing email (1 ms)
2025-09-20T17:32:43.6470230Z 
2025-09-20T17:32:43.6470717Z   ● User Registration Tests › Should register a new user successfully
2025-09-20T17:32:43.6471159Z 
2025-09-20T17:32:43.6471364Z     connect ECONNREFUSED ::1:5000
2025-09-20T17:32:43.6471540Z 
2025-09-20T17:32:43.6471546Z 
2025-09-20T17:32:43.6471551Z 
2025-09-20T17:32:43.6471891Z   ● User Registration Tests › Should fail registration when fields are missing
2025-09-20T17:32:43.6472213Z 
2025-09-20T17:32:43.6472329Z     connect ECONNREFUSED ::1:5000
2025-09-20T17:32:43.6472496Z 
2025-09-20T17:32:43.6472506Z 
2025-09-20T17:32:43.6472517Z 
2025-09-20T17:32:43.6472823Z   ● User Registration Tests › Should fail registration with short password
2025-09-20T17:32:43.6473120Z 
2025-09-20T17:32:43.6473231Z     connect ECONNREFUSED ::1:5000
2025-09-20T17:32:43.6473400Z 
2025-09-20T17:32:43.6473404Z 
2025-09-20T17:32:43.6473410Z 
2025-09-20T17:32:43.6473703Z   ● User Registration Tests › Should fail registration with existing email
2025-09-20T17:32:43.6474002Z 
2025-09-20T17:32:43.6474112Z     connect ECONNREFUSED ::1:5000
2025-09-20T17:32:43.6474276Z 
2025-09-20T17:32:43.6474280Z 
2025-09-20T17:32:43.6474285Z 
2025-09-20T17:32:43.6492295Z Test Suites: 1 failed, 1 total
2025-09-20T17:32:43.6492761Z Tests:       4 failed, 4 total
2025-09-20T17:32:43.6493084Z Snapshots:   0 total
2025-09-20T17:32:43.6493304Z Time:        0.517 s
2025-09-20T17:32:43.6493631Z Ran all test suites matching /auth\/registration.test.js/i.
2025-09-20T17:32:43.7619354Z Error running tests: Command failed: node ./node_modules/jest/bin/jest.js auth/registration.test.js --runInBand
2025-09-20T17:32:43.7741597Z ##[error]Process completed with exit code 1.
2025-09-20T17:32:43.7772480Z ##[group]Run npm install
2025-09-20T17:32:43.7772872Z [36;1mnpm install[0m
2025-09-20T17:32:43.7811573Z shell: /usr/bin/bash -e {0}
2025-09-20T17:32:43.7811927Z ##[endgroup]
2025-09-20T17:32:44.2868976Z npm warn EBADENGINE Unsupported engine {
2025-09-20T17:32:44.2869792Z npm warn EBADENGINE   package: 'chromedriver@140.0.3',
2025-09-20T17:32:44.2870525Z npm warn EBADENGINE   required: { node: '>=20' },
2025-09-20T17:32:44.2871345Z npm warn EBADENGINE   current: { node: 'v18.20.8', npm: '10.8.2' }
2025-09-20T17:32:44.2871978Z npm warn EBADENGINE }
2025-09-20T17:32:44.2886917Z npm warn EBADENGINE Unsupported engine {
2025-09-20T17:32:44.2889100Z npm warn EBADENGINE   package: 'selenium-webdriver@4.35.0',
2025-09-20T17:32:44.2891435Z npm warn EBADENGINE   required: { node: '>= 20.0.0' },
2025-09-20T17:32:44.2892236Z npm warn EBADENGINE   current: { node: 'v18.20.8', npm: '10.8.2' }
2025-09-20T17:32:44.2892846Z npm warn EBADENGINE }
2025-09-20T17:32:45.1759702Z 
2025-09-20T17:32:45.1760782Z up to date, audited 248 packages in 1s
2025-09-20T17:32:45.1761514Z 
2025-09-20T17:32:45.1762011Z 31 packages are looking for funding
2025-09-20T17:32:45.1762852Z   run `npm fund` for details
2025-09-20T17:32:45.1820677Z 
2025-09-20T17:32:45.1821569Z 5 vulnerabilities (3 moderate, 2 critical)
2025-09-20T17:32:45.1840428Z 
2025-09-20T17:32:45.1841071Z Some issues need review, and may require choosing
2025-09-20T17:32:45.1841808Z a different dependency.
2025-09-20T17:32:45.1842247Z 
2025-09-20T17:32:45.1842650Z Run `npm audit` for details.
2025-09-20T17:32:45.1984969Z ##[group]Run browser-actions/setup-chrome@v1
2025-09-20T17:32:45.1985252Z with:
2025-09-20T17:32:45.1985439Z   chrome-version: stable
2025-09-20T17:32:45.1985651Z   install-dependencies: false
2025-09-20T17:32:45.1985864Z   install-chromedriver: false
2025-09-20T17:32:45.1986063Z   no-sudo: false
2025-09-20T17:32:45.1986228Z ##[endgroup]
2025-09-20T17:32:45.2810652Z Setup chrome stable
2025-09-20T17:32:45.2822249Z Attempting to download chrome stable...
2025-09-20T17:32:45.2823816Z Acquiring chrome stable from https://dl.google.com/linux/direct/google-chrome-stable_current_amd64.deb
2025-09-20T17:32:46.0018274Z Installing chrome...
2025-09-20T17:32:46.0066217Z [command]/usr/bin/ar x /home/runner/work/_temp/351f9585-2ab9-4e25-adc7-640410f813a8
2025-09-20T17:32:46.3765415Z [command]/usr/bin/tar -xf /tmp/deb-ZzV29w/data.tar.xz --directory /tmp/chrome-kZUqtq --strip-components 4 ./opt/google
2025-09-20T17:32:53.9791955Z Successfully Installed chromium to /opt/hostedtoolcache/setup-chrome/chromium/stable/x64
2025-09-20T17:32:53.9800746Z [command]/opt/hostedtoolcache/setup-chrome/chromium/stable/x64/chrome --version
2025-09-20T17:32:55.0269907Z [0920/173255.026253:WARNING:chrome/app/chrome_main_linux.cc:82] Read channel stable from /opt/hostedtoolcache/setup-chrome/chromium/stable/x64/CHROME_VERSION_EXTRA
2025-09-20T17:32:55.0273342Z Google Chrome 140.0.7339.185 
2025-09-20T17:32:55.1374744Z Successfully setup chromium 140.0.7339.185
2025-09-20T17:32:55.1470847Z ##[group]Run nohup node server.js &
2025-09-20T17:32:55.1471278Z [36;1mnohup node server.js &[0m
2025-09-20T17:32:55.1471600Z [36;1mecho $! > backend.pid[0m
2025-09-20T17:32:55.1471952Z [36;1msleep 5[0m
2025-09-20T17:32:55.1502273Z shell: /usr/bin/bash -e {0}
2025-09-20T17:32:55.1502618Z env:
2025-09-20T17:32:55.1502977Z   MONGODB_URI: mongodb://localhost:27017/mirror
2025-09-20T17:32:55.1503357Z   JWT_SECRET: test-jwt-secret
2025-09-20T17:32:55.1503661Z   PORT: 3000
2025-09-20T17:32:55.1514802Z ##[endgroup]
2025-09-20T17:32:55.4652345Z [dotenv@17.2.1] injecting env (0) from .env -- tip: 📡 auto-backup env with Radar: https://dotenvx.com/radar
2025-09-20T17:32:55.5250469Z MongooseError: The `uri` parameter to `openUri()` must be a string, got "undefined". Make sure the first parameter to `mongoose.connect()` or `mongoose.createConnection()` is a string.
2025-09-20T17:32:55.5251888Z     at NativeConnection.createClient (/home/runner/work/QA-and-Testing-for-Mirror/QA-and-Testing-for-Mirror/mirror-backend/node_modules/mongoose/lib/drivers/node-mongodb-native/connection.js:237:11)
2025-09-20T17:32:55.5253182Z     at NativeConnection.openUri (/home/runner/work/QA-and-Testing-for-Mirror/QA-and-Testing-for-Mirror/mirror-backend/node_modules/mongoose/lib/connection.js:1071:34)
2025-09-20T17:32:55.5254286Z     at Mongoose.connect (/home/runner/work/QA-and-Testing-for-Mirror/QA-and-Testing-for-Mirror/mirror-backend/node_modules/mongoose/lib/mongoose.js:450:15)
2025-09-20T17:32:55.5255234Z     at Object.<anonymous> (/home/runner/work/QA-and-Testing-for-Mirror/QA-and-Testing-for-Mirror/mirror-backend/server.js:22:4)
2025-09-20T17:32:55.5255847Z     at Module._compile (node:internal/modules/cjs/loader:1364:14)
2025-09-20T17:32:55.5256652Z     at Module._extensions..js (node:internal/modules/cjs/loader:1422:10)
2025-09-20T17:32:55.5257058Z     at Module.load (node:internal/modules/cjs/loader:1203:32)
2025-09-20T17:32:55.5257802Z     at Module._load (node:internal/modules/cjs/loader:1019:12)
2025-09-20T17:32:55.5258297Z     at Function.executeUserEntryPoint [as runMain] (node:internal/modules/run_main:128:12)
2025-09-20T17:32:55.5258728Z     at node:internal/main/run_main_module:28:49
2025-09-20T17:33:00.1643005Z ##[group]Run nohup npm run dev &
2025-09-20T17:33:00.1643299Z [36;1mnohup npm run dev &[0m
2025-09-20T17:33:00.1643520Z [36;1mecho $! > frontend.pid[0m
2025-09-20T17:33:00.1643730Z [36;1msleep 10[0m
2025-09-20T17:33:00.1673778Z shell: /usr/bin/bash -e {0}
2025-09-20T17:33:00.1673994Z env:
2025-09-20T17:33:00.1674195Z   VITE_API_URL: http://localhost:3000
2025-09-20T17:33:00.1674428Z ##[endgroup]
2025-09-20T17:33:00.2974957Z 
2025-09-20T17:33:00.2975429Z > mirror-frontend@0.0.0 dev
2025-09-20T17:33:00.2975802Z > node "./node_modules/vite/bin/vite.js"
2025-09-20T17:33:00.2975979Z 
2025-09-20T17:33:00.3427031Z [33mYou are using Node.js 18.20.8. Vite requires Node.js version 20.19+ or 22.12+. Please upgrade your Node.js version.[39m
2025-09-20T17:33:00.7684519Z [31merror when starting dev server:
2025-09-20T17:33:00.7685146Z TypeError: crypto.hash is not a function
2025-09-20T17:33:00.7686480Z     at getHash (file:///home/runner/work/QA-and-Testing-for-Mirror/QA-and-Testing-for-Mirror/mirror-frontend/node_modules/vite/dist/node/chunks/dep-D5b0Zz6C.js:2621:21)
2025-09-20T17:33:00.7688919Z     at getLockfileHash (file:///home/runner/work/QA-and-Testing-for-Mirror/QA-and-Testing-for-Mirror/mirror-frontend/node_modules/vite/dist/node/chunks/dep-D5b0Zz6C.js:11442:9)
2025-09-20T17:33:00.7691117Z     at getDepHash (file:///home/runner/work/QA-and-Testing-for-Mirror/QA-and-Testing-for-Mirror/mirror-frontend/node_modules/vite/dist/node/chunks/dep-D5b0Zz6C.js:11445:23)
2025-09-20T17:33:00.7693398Z     at initDepsOptimizerMetadata (file:///home/runner/work/QA-and-Testing-for-Mirror/QA-and-Testing-for-Mirror/mirror-frontend/node_modules/vite/dist/node/chunks/dep-D5b0Zz6C.js:10904:53)
2025-09-20T17:33:00.7695723Z     at createDepsOptimizer (file:///home/runner/work/QA-and-Testing-for-Mirror/QA-and-Testing-for-Mirror/mirror-frontend/node_modules/vite/dist/node/chunks/dep-D5b0Zz6C.js:34351:17)
2025-09-20T17:33:00.7698106Z     at new DevEnvironment (file:///home/runner/work/QA-and-Testing-for-Mirror/QA-and-Testing-for-Mirror/mirror-frontend/node_modules/vite/dist/node/chunks/dep-D5b0Zz6C.js:35113:109)
2025-09-20T17:33:00.7700313Z     at Object.defaultCreateClientDevEnvironment [as createEnvironment] (file:///home/runner/work/QA-and-Testing-for-Mirror/QA-and-Testing-for-Mirror/mirror-frontend/node_modules/vite/dist/node/chunks/dep-D5b0Zz6C.js:35531:9)
2025-09-20T17:33:00.7702513Z     at _createServer (file:///home/runner/work/QA-and-Testing-for-Mirror/QA-and-Testing-for-Mirror/mirror-frontend/node_modules/vite/dist/node/chunks/dep-D5b0Zz6C.js:28035:132)
2025-09-20T17:33:00.7703936Z     at async CAC.<anonymous> (file:///home/runner/work/QA-and-Testing-for-Mirror/QA-and-Testing-for-Mirror/mirror-frontend/node_modules/vite/dist/node/cli.js:573:18)[39m
2025-09-20T17:33:10.1771209Z ##[group]Run npm run test:login
2025-09-20T17:33:10.1771480Z [36;1mnpm run test:login[0m
2025-09-20T17:33:10.1801549Z shell: /usr/bin/bash -e {0}
2025-09-20T17:33:10.1801766Z env:
2025-09-20T17:33:10.1801931Z   SELENIUM_REMOTE_URL: 
2025-09-20T17:33:10.1802123Z   SELENIUM_BROWSER: chrome
2025-09-20T17:33:10.1802321Z   SELENIUM_HEADLESS: true
2025-09-20T17:33:10.1802534Z   BASE_URL: http://localhost:5173
2025-09-20T17:33:10.1802780Z   API_URL: http://localhost:3000
2025-09-20T17:33:10.1802988Z ##[endgroup]
2025-09-20T17:33:10.3108470Z 
2025-09-20T17:33:10.3109011Z > mirror-selenium-tests@1.0.0 test:login
2025-09-20T17:33:10.3109736Z > mocha tests/login.test.js --timeout 30000
2025-09-20T17:33:10.3110496Z 
2025-09-20T17:33:10.3153895Z sh: 1: mocha: Permission denied
2025-09-20T17:33:10.3239629Z ##[error]Process completed with exit code 127.
2025-09-20T17:33:10.3302468Z Post job cleanup.
2025-09-20T17:33:10.5077184Z [command]/usr/bin/tar --posix -cf cache.tzst --exclude cache.tzst -P -C /home/runner/work/QA-and-Testing-for-Mirror/QA-and-Testing-for-Mirror --files-from manifest.txt --use-compress-program zstdmt
2025-09-20T17:33:11.9295877Z Sent 73146295 of 73146295 (100.0%), 69.7 MBs/sec
2025-09-20T17:33:12.0515060Z Cache saved with the key: node-cache-Linux-npm-bd42ca2bb42da82ab0533556244ceb5e1b06051cd1df7c133feb786626601218
2025-09-20T17:33:12.0653455Z Post job cleanup.
2025-09-20T17:33:12.1369061Z [command]/usr/bin/git version
2025-09-20T17:33:12.1403898Z git version 2.51.0
2025-09-20T17:33:12.1447169Z Temporarily overriding HOME='/home/runner/work/_temp/ed37c489-420a-4a2f-8ce1-79c4c2004c97' before making global git config changes
2025-09-20T17:33:12.1448492Z Adding repository directory to the temporary git global config as a safe directory
2025-09-20T17:33:12.1451247Z [command]/usr/bin/git config --global --add safe.directory /home/runner/work/QA-and-Testing-for-Mirror/QA-and-Testing-for-Mirror
2025-09-20T17:33:12.1480997Z [command]/usr/bin/git config --local --name-only --get-regexp core\.sshCommand
2025-09-20T17:33:12.1510119Z [command]/usr/bin/git submodule foreach --recursive sh -c "git config --local --name-only --get-regexp 'core\.sshCommand' && git config --local --unset-all 'core.sshCommand' || :"
2025-09-20T17:33:12.1741774Z [command]/usr/bin/git config --local --name-only --get-regexp http\.https\:\/\/github\.com\/\.extraheader
2025-09-20T17:33:12.1761509Z http.https://github.com/.extraheader
2025-09-20T17:33:12.1772450Z [command]/usr/bin/git config --local --unset-all http.https://github.com/.extraheader
2025-09-20T17:33:12.1801514Z [command]/usr/bin/git submodule foreach --recursive sh -c "git config --local --name-only --get-regexp 'http\.https\:\/\/github\.com\/\.extraheader' && git config --local --unset-all 'http.https://github.com/.extraheader' || :"
2025-09-20T17:33:12.2115296Z Print service container logs: b7f5a061f9e846f0b16810c8a7da5f31_mongo44_d60f9c
2025-09-20T17:33:12.2120267Z ##[command]/usr/bin/docker logs --details 47540d4fb30343fd6e6ce52789c84d28a2ee5dbc2826650ffc4709151c2ea050
2025-09-20T17:33:12.2245477Z  {"t":{"$date":"2025-09-20T17:32:02.509+00:00"},"s":"I",  "c":"CONTROL",  "id":23285,   "ctx":"main","msg":"Automatically disabling TLS 1.0, to force-enable TLS 1.0 specify --sslDisabledProtocols 'none'"}
2025-09-20T17:33:12.2248683Z  {"t":{"$date":"2025-09-20T17:32:02.511+00:00"},"s":"I",  "c":"NETWORK",  "id":4648601, "ctx":"main","msg":"Implicit TCP FastOpen unavailable. If TCP FastOpen is required, set tcpFastOpenServer, tcpFastOpenClient, and tcpFastOpenQueueSize."}
2025-09-20T17:33:12.2250179Z  {"t":{"$date":"2025-09-20T17:32:02.511+00:00"},"s":"I",  "c":"STORAGE",  "id":4615611, "ctx":"initandlisten","msg":"MongoDB starting","attr":{"pid":1,"port":27017,"dbPath":"/data/db","architecture":"64-bit","host":"47540d4fb303"}}
2025-09-20T17:33:12.2251709Z  {"t":{"$date":"2025-09-20T17:32:02.511+00:00"},"s":"I",  "c":"CONTROL",  "id":23403,   "ctx":"initandlisten","msg":"Build Info","attr":{"buildInfo":{"version":"4.4.29","gitVersion":"f4dda329a99811c707eb06d05ad023599f9be263","openSSLVersion":"OpenSSL 1.1.1f  31 Mar 2020","modules":[],"allocator":"tcmalloc","environment":{"distmod":"ubuntu2004","distarch":"x86_64","target_arch":"x86_64"}}}}
2025-09-20T17:33:12.2253025Z  {"t":{"$date":"2025-09-20T17:32:02.511+00:00"},"s":"I",  "c":"CONTROL",  "id":51765,   "ctx":"initandlisten","msg":"Operating System","attr":{"os":{"name":"Ubuntu","version":"20.04"}}}
2025-09-20T17:33:12.2253800Z  {"t":{"$date":"2025-09-20T17:32:02.511+00:00"},"s":"I",  "c":"CONTROL",  "id":21951,   "ctx":"initandlisten","msg":"Options set by command line","attr":{"options":{"net":{"bindIp":"*"}}}}
2025-09-20T17:33:12.2254922Z  {"t":{"$date":"2025-09-20T17:32:02.513+00:00"},"s":"I",  "c":"STORAGE",  "id":22297,   "ctx":"initandlisten","msg":"Using the XFS filesystem is strongly recommended with the WiredTiger storage engine. See http://dochub.mongodb.org/core/prodnotes-filesystem","tags":["startupWarnings"]}
2025-09-20T17:33:12.2257488Z  {"t":{"$date":"2025-09-20T17:32:02.513+00:00"},"s":"I",  "c":"STORAGE",  "id":22315,   "ctx":"initandlisten","msg":"Opening WiredTiger","attr":{"config":"create,cache_size=7485M,session_max=33000,eviction=(threads_min=4,threads_max=4),config_base=false,statistics=(fast),log=(enabled=true,archive=true,path=journal,compressor=snappy),file_manager=(close_idle_time=100000,close_scan_interval=10,close_handle_minimum=250),statistics_log=(wait=0),verbose=[recovery_progress,checkpoint_progress,compact_progress],"}}
2025-09-20T17:33:12.2260308Z  {"t":{"$date":"2025-09-20T17:32:02.725+00:00"},"s":"I",  "c":"STORAGE",  "id":22430,   "ctx":"initandlisten","msg":"WiredTiger message","attr":{"message":"[1758389522:725310][1:0x7f220e1f5cc0], txn-recover: [WT_VERB_RECOVERY | WT_VERB_RECOVERY_PROGRESS] Set global recovery timestamp: (0, 0)"}}
2025-09-20T17:33:12.2261913Z  {"t":{"$date":"2025-09-20T17:32:02.725+00:00"},"s":"I",  "c":"STORAGE",  "id":22430,   "ctx":"initandlisten","msg":"WiredTiger message","attr":{"message":"[1758389522:725353][1:0x7f220e1f5cc0], txn-recover: [WT_VERB_RECOVERY | WT_VERB_RECOVERY_PROGRESS] Set global oldest timestamp: (0, 0)"}}
2025-09-20T17:33:12.2262929Z  {"t":{"$date":"2025-09-20T17:32:02.734+00:00"},"s":"I",  "c":"STORAGE",  "id":4795906, "ctx":"initandlisten","msg":"WiredTiger opened","attr":{"durationMillis":221}}
2025-09-20T17:33:12.2263730Z  {"t":{"$date":"2025-09-20T17:32:02.734+00:00"},"s":"I",  "c":"RECOVERY", "id":23987,   "ctx":"initandlisten","msg":"WiredTiger recoveryTimestamp","attr":{"recoveryTimestamp":{"$timestamp":{"t":0,"i":0}}}}
2025-09-20T17:33:12.2264481Z  {"t":{"$date":"2025-09-20T17:32:02.743+00:00"},"s":"I",  "c":"STORAGE",  "id":22262,   "ctx":"initandlisten","msg":"Timestamp monitor starting"}
2025-09-20T17:33:12.2265589Z  {"t":{"$date":"2025-09-20T17:32:02.747+00:00"},"s":"W",  "c":"CONTROL",  "id":22120,   "ctx":"initandlisten","msg":"Access control is not enabled for the database. Read and write access to data and configuration is unrestricted","tags":["startupWarnings"]}
2025-09-20T17:33:12.2266748Z  {"t":{"$date":"2025-09-20T17:32:02.747+00:00"},"s":"W",  "c":"CONTROL",  "id":22178,   "ctx":"initandlisten","msg":"/sys/kernel/mm/transparent_hugepage/enabled is 'always'. We suggest setting it to 'never'","tags":["startupWarnings"]}
2025-09-20T17:33:12.2268322Z  {"t":{"$date":"2025-09-20T17:32:02.747+00:00"},"s":"I",  "c":"STORAGE",  "id":20320,   "ctx":"initandlisten","msg":"createCollection","attr":{"namespace":"admin.system.version","uuidDisposition":"provided","uuid":{"uuid":{"$uuid":"f10a09e0-7071-4938-97cc-70e0db6b8714"}},"options":{"uuid":{"$uuid":"f10a09e0-7071-4938-97cc-70e0db6b8714"}}}}
2025-09-20T17:33:12.2269728Z  {"t":{"$date":"2025-09-20T17:32:02.755+00:00"},"s":"I",  "c":"INDEX",    "id":20345,   "ctx":"initandlisten","msg":"Index build: done building","attr":{"buildUUID":null,"namespace":"admin.system.version","index":"_id_","commitTimestamp":{"$timestamp":{"t":0,"i":0}}}}
2025-09-20T17:33:12.2270720Z  {"t":{"$date":"2025-09-20T17:32:02.755+00:00"},"s":"I",  "c":"COMMAND",  "id":20459,   "ctx":"initandlisten","msg":"Setting featureCompatibilityVersion","attr":{"newVersion":"4.4"}}
2025-09-20T17:33:12.2271448Z  {"t":{"$date":"2025-09-20T17:32:02.755+00:00"},"s":"I",  "c":"STORAGE",  "id":20536,   "ctx":"initandlisten","msg":"Flow Control is enabled on this deployment"}
2025-09-20T17:33:12.2272537Z  {"t":{"$date":"2025-09-20T17:32:02.756+00:00"},"s":"I",  "c":"STORAGE",  "id":20320,   "ctx":"initandlisten","msg":"createCollection","attr":{"namespace":"local.startup_log","uuidDisposition":"generated","uuid":{"uuid":{"$uuid":"1ea2048a-14e2-4209-b598-12091d4b51ab"}},"options":{"capped":true,"size":10485760}}}
2025-09-20T17:33:12.2273856Z  {"t":{"$date":"2025-09-20T17:32:02.762+00:00"},"s":"I",  "c":"INDEX",    "id":20345,   "ctx":"initandlisten","msg":"Index build: done building","attr":{"buildUUID":null,"namespace":"local.startup_log","index":"_id_","commitTimestamp":{"$timestamp":{"t":0,"i":0}}}}
2025-09-20T17:33:12.2275069Z  {"t":{"$date":"2025-09-20T17:32:02.762+00:00"},"s":"I",  "c":"FTDC",     "id":20625,   "ctx":"initandlisten","msg":"Initializing full-time diagnostic data capture","attr":{"dataDirectory":"/data/db/diagnostic.data"}}
2025-09-20T17:33:12.2276055Z  {"t":{"$date":"2025-09-20T17:32:02.762+00:00"},"s":"I",  "c":"REPL",     "id":6015317, "ctx":"initandlisten","msg":"Setting new configuration state","attr":{"newState":"ConfigReplicationDisabled","oldState":"ConfigPreStart"}}
2025-09-20T17:33:12.2277459Z  {"t":{"$date":"2025-09-20T17:32:02.763+00:00"},"s":"I",  "c":"CONTROL",  "id":20712,   "ctx":"LogicalSessionCacheReap","msg":"Sessions collection is not set up; waiting until next sessions reap interval","attr":{"error":"NamespaceNotFound: config.system.sessions does not exist"}}
2025-09-20T17:33:12.2278881Z  {"t":{"$date":"2025-09-20T17:32:02.763+00:00"},"s":"I",  "c":"STORAGE",  "id":20320,   "ctx":"LogicalSessionCacheRefresh","msg":"createCollection","attr":{"namespace":"config.system.sessions","uuidDisposition":"generated","uuid":{"uuid":{"$uuid":"d8914499-c29a-4fe4-9278-51a83ec37e78"}},"options":{}}}
2025-09-20T17:33:12.2279959Z  {"t":{"$date":"2025-09-20T17:32:02.764+00:00"},"s":"I",  "c":"NETWORK",  "id":23015,   "ctx":"listener","msg":"Listening on","attr":{"address":"/tmp/mongodb-27017.sock"}}
2025-09-20T17:33:12.2280607Z  {"t":{"$date":"2025-09-20T17:32:02.764+00:00"},"s":"I",  "c":"NETWORK",  "id":23015,   "ctx":"listener","msg":"Listening on","attr":{"address":"0.0.0.0"}}
2025-09-20T17:33:12.2281253Z  {"t":{"$date":"2025-09-20T17:32:02.764+00:00"},"s":"I",  "c":"NETWORK",  "id":23016,   "ctx":"listener","msg":"Waiting for connections","attr":{"port":27017,"ssl":"off"}}
2025-09-20T17:33:12.2282406Z  {"t":{"$date":"2025-09-20T17:32:02.774+00:00"},"s":"I",  "c":"INDEX",    "id":20345,   "ctx":"LogicalSessionCacheRefresh","msg":"Index build: done building","attr":{"buildUUID":null,"namespace":"config.system.sessions","index":"_id_","commitTimestamp":{"$timestamp":{"t":0,"i":0}}}}
2025-09-20T17:33:12.2283792Z  {"t":{"$date":"2025-09-20T17:32:02.774+00:00"},"s":"I",  "c":"INDEX",    "id":20345,   "ctx":"LogicalSessionCacheRefresh","msg":"Index build: done building","attr":{"buildUUID":null,"namespace":"config.system.sessions","index":"lsidTTLIndex","commitTimestamp":{"$timestamp":{"t":0,"i":0}}}}
2025-09-20T17:33:12.2284919Z  {"t":{"$date":"2025-09-20T17:32:12.557+00:00"},"s":"I",  "c":"NETWORK",  "id":22943,   "ctx":"listener","msg":"Connection accepted","attr":{"remote":"127.0.0.1:36992","connectionId":1,"connectionCount":1}}
2025-09-20T17:33:12.2286141Z  {"t":{"$date":"2025-09-20T17:32:12.558+00:00"},"s":"I",  "c":"NETWORK",  "id":51800,   "ctx":"conn1","msg":"client metadata","attr":{"remote":"127.0.0.1:36992","client":"conn1","doc":{"application":{"name":"MongoDB Shell"},"driver":{"name":"MongoDB Internal Client","version":"4.4.29"},"os":{"type":"Linux","name":"Ubuntu","architecture":"x86_64","version":"20.04"}}}}
2025-09-20T17:33:12.2287519Z  {"t":{"$date":"2025-09-20T17:32:12.561+00:00"},"s":"I",  "c":"NETWORK",  "id":22944,   "ctx":"conn1","msg":"Connection ended","attr":{"remote":"127.0.0.1:36992","connectionId":1,"connectionCount":0}}
2025-09-20T17:33:12.2288353Z  {"t":{"$date":"2025-09-20T17:32:22.648+00:00"},"s":"I",  "c":"NETWORK",  "id":22943,   "ctx":"listener","msg":"Connection accepted","attr":{"remote":"127.0.0.1:37700","connectionId":2,"connectionCount":1}}
2025-09-20T17:33:12.2289555Z  {"t":{"$date":"2025-09-20T17:32:22.648+00:00"},"s":"I",  "c":"NETWORK",  "id":51800,   "ctx":"conn2","msg":"client metadata","attr":{"remote":"127.0.0.1:37700","client":"conn2","doc":{"application":{"name":"MongoDB Shell"},"driver":{"name":"MongoDB Internal Client","version":"4.4.29"},"os":{"type":"Linux","name":"Ubuntu","architecture":"x86_64","version":"20.04"}}}}
2025-09-20T17:33:12.2290740Z  {"t":{"$date":"2025-09-20T17:32:22.652+00:00"},"s":"I",  "c":"NETWORK",  "id":22944,   "ctx":"conn2","msg":"Connection ended","attr":{"remote":"127.0.0.1:37700","connectionId":2,"connectionCount":0}}
2025-09-20T17:33:12.2291706Z  {"t":{"$date":"2025-09-20T17:32:32.739+00:00"},"s":"I",  "c":"NETWORK",  "id":22943,   "ctx":"listener","msg":"Connection accepted","attr":{"remote":"127.0.0.1:47674","connectionId":3,"connectionCount":1}}
2025-09-20T17:33:12.2292903Z  {"t":{"$date":"2025-09-20T17:32:32.739+00:00"},"s":"I",  "c":"NETWORK",  "id":51800,   "ctx":"conn3","msg":"client metadata","attr":{"remote":"127.0.0.1:47674","client":"conn3","doc":{"application":{"name":"MongoDB Shell"},"driver":{"name":"MongoDB Internal Client","version":"4.4.29"},"os":{"type":"Linux","name":"Ubuntu","architecture":"x86_64","version":"20.04"}}}}
2025-09-20T17:33:12.2294097Z  {"t":{"$date":"2025-09-20T17:32:32.743+00:00"},"s":"I",  "c":"NETWORK",  "id":22944,   "ctx":"conn3","msg":"Connection ended","attr":{"remote":"127.0.0.1:47674","connectionId":3,"connectionCount":0}}
2025-09-20T17:33:12.2294928Z  {"t":{"$date":"2025-09-20T17:32:42.836+00:00"},"s":"I",  "c":"NETWORK",  "id":22943,   "ctx":"listener","msg":"Connection accepted","attr":{"remote":"127.0.0.1:40526","connectionId":4,"connectionCount":1}}
2025-09-20T17:33:12.2296130Z  {"t":{"$date":"2025-09-20T17:32:42.836+00:00"},"s":"I",  "c":"NETWORK",  "id":51800,   "ctx":"conn4","msg":"client metadata","attr":{"remote":"127.0.0.1:40526","client":"conn4","doc":{"application":{"name":"MongoDB Shell"},"driver":{"name":"MongoDB Internal Client","version":"4.4.29"},"os":{"type":"Linux","name":"Ubuntu","architecture":"x86_64","version":"20.04"}}}}
2025-09-20T17:33:12.2297520Z  {"t":{"$date":"2025-09-20T17:32:42.839+00:00"},"s":"I",  "c":"NETWORK",  "id":22944,   "ctx":"conn4","msg":"Connection ended","attr":{"remote":"127.0.0.1:40526","connectionId":4,"connectionCount":0}}
2025-09-20T17:33:12.2298494Z  {"t":{"$date":"2025-09-20T17:32:52.950+00:00"},"s":"I",  "c":"NETWORK",  "id":22943,   "ctx":"listener","msg":"Connection accepted","attr":{"remote":"127.0.0.1:53618","connectionId":5,"connectionCount":1}}
2025-09-20T17:33:12.2299736Z  {"t":{"$date":"2025-09-20T17:32:52.950+00:00"},"s":"I",  "c":"NETWORK",  "id":51800,   "ctx":"conn5","msg":"client metadata","attr":{"remote":"127.0.0.1:53618","client":"conn5","doc":{"application":{"name":"MongoDB Shell"},"driver":{"name":"MongoDB Internal Client","version":"4.4.29"},"os":{"type":"Linux","name":"Ubuntu","architecture":"x86_64","version":"20.04"}}}}
2025-09-20T17:33:12.2300913Z  {"t":{"$date":"2025-09-20T17:32:52.954+00:00"},"s":"I",  "c":"NETWORK",  "id":22944,   "ctx":"conn5","msg":"Connection ended","attr":{"remote":"127.0.0.1:53618","connectionId":5,"connectionCount":0}}
2025-09-20T17:33:12.2302310Z  {"t":{"$date":"2025-09-20T17:33:02.744+00:00"},"s":"I",  "c":"STORAGE",  "id":22430,   "ctx":"WTCheckpointThread","msg":"WiredTiger message","attr":{"message":"[1758389582:744828][1:0x7f22001e6700], WT_SESSION.checkpoint: [WT_VERB_CHECKPOINT_PROGRESS] saving checkpoint snapshot min: 34, snapshot max: 34 snapshot count: 0, oldest timestamp: (0, 0) , meta checkpoint timestamp: (0, 0) base write gen: 1"}}
2025-09-20T17:33:12.2303716Z  {"t":{"$date":"2025-09-20T17:33:03.039+00:00"},"s":"I",  "c":"NETWORK",  "id":22943,   "ctx":"listener","msg":"Connection accepted","attr":{"remote":"127.0.0.1:52842","connectionId":6,"connectionCount":1}}
2025-09-20T17:33:12.2304916Z  {"t":{"$date":"2025-09-20T17:33:03.040+00:00"},"s":"I",  "c":"NETWORK",  "id":51800,   "ctx":"conn6","msg":"client metadata","attr":{"remote":"127.0.0.1:52842","client":"conn6","doc":{"application":{"name":"MongoDB Shell"},"driver":{"name":"MongoDB Internal Client","version":"4.4.29"},"os":{"type":"Linux","name":"Ubuntu","architecture":"x86_64","version":"20.04"}}}}
2025-09-20T17:33:12.2306101Z  {"t":{"$date":"2025-09-20T17:33:03.043+00:00"},"s":"I",  "c":"NETWORK",  "id":22944,   "ctx":"conn6","msg":"Connection ended","attr":{"remote":"127.0.0.1:52842","connectionId":6,"connectionCount":0}}
2025-09-20T17:33:12.2312642Z Stop and remove container: b7f5a061f9e846f0b16810c8a7da5f31_mongo44_d60f9c
2025-09-20T17:33:12.2318868Z ##[command]/usr/bin/docker rm --force 47540d4fb30343fd6e6ce52789c84d28a2ee5dbc2826650ffc4709151c2ea050
2025-09-20T17:33:13.5427754Z 47540d4fb30343fd6e6ce52789c84d28a2ee5dbc2826650ffc4709151c2ea050
2025-09-20T17:33:13.5455234Z Remove container network: github_network_99c4c9c2c87d48fea85b5008f159a2b0
2025-09-20T17:33:13.5459655Z ##[command]/usr/bin/docker network rm github_network_99c4c9c2c87d48fea85b5008f159a2b0
2025-09-20T17:33:13.6786954Z github_network_99c4c9c2c87d48fea85b5008f159a2b0
2025-09-20T17:33:13.6844196Z Cleaning up orphan processes
